This is pdfTeX, Version 3.141592653-2.6-1.40.27 (MiKTeX 25.4) (preloaded format=pdflatex 2025.12.4)  8 DEC 2025 20:26
entering extended mode
 restricted \write18 enabled.
 file:line:error style messages enabled.
 %&-line parsing enabled.
**"d:/document/Adobe Scripts/Semester 7/DokLabIR/thesis.tex"
(d:/document/Adobe Scripts/Semester 7/DokLabIR/thesis.tex
LaTeX2e <2025-11-01>
L3 programming layer <2025-11-06>
(C:\Users\USER\AppData\Local\Programs\MiKTeX\tex/latex/base\report.cls
Document Class: report 2025/01/22 v1.4n Standard LaTeX document class
(C:\Users\USER\AppData\Local\Programs\MiKTeX\tex/latex/base\size12.clo
File: size12.clo 2025/01/22 v1.4n Standard LaTeX file (size option)
)
\c@part=\count275
\c@chapter=\count276
\c@section=\count277
\c@subsection=\count278
\c@subsubsection=\count279
\c@paragraph=\count280
\c@subparagraph=\count281
\c@figure=\count282
\c@table=\count283
\abovecaptionskip=\skip49
\belowcaptionskip=\skip50
\bibindent=\dimen148
) (_internals/uithesis.sty (C:\Users\USER\AppData\Local\Programs\MiKTeX\tex/latex/tocbibind\tocbibind.sty
Package: tocbibind 2010/10/13 v1.5k extra ToC listings
Package tocbibind Info: The document has chapter divisions on input line 50.


Package tocbibind Note: Using chapter style headings, unless overridden.

) (C:\Users\USER\AppData\Local\Programs\MiKTeX\tex/latex/hyperref\hyperref.sty
Package: hyperref 2025-07-12 v7.01o Hypertext links for LaTeX
 (C:\Users\USER\AppData\Local\Programs\MiKTeX\tex/generic/iftex\iftex.sty
Package: iftex 2024/12/12 v1.0g TeX engine tests
) (C:\Users\USER\AppData\Local\Programs\MiKTeX\tex/latex/graphics\keyval.sty
Package: keyval 2022/05/29 v1.15 key=value parser (DPC)
\KV@toks@=\toks17
) (C:\Users\USER\AppData\Local\Programs\MiKTeX\tex/latex/kvsetkeys\kvsetkeys.sty
Package: kvsetkeys 2022-10-05 v1.19 Key value parser (HO)
) (C:\Users\USER\AppData\Local\Programs\MiKTeX\tex/generic/kvdefinekeys\kvdefinekeys.sty
Package: kvdefinekeys 2019-12-19 v1.6 Define keys (HO)
) (C:\Users\USER\AppData\Local\Programs\MiKTeX\tex/generic/pdfescape\pdfescape.sty
Package: pdfescape 2019/12/09 v1.15 Implements pdfTeX's escape features (HO)
 (C:\Users\USER\AppData\Local\Programs\MiKTeX\tex/generic/ltxcmds\ltxcmds.sty
Package: ltxcmds 2023-12-04 v1.26 LaTeX kernel commands for general use (HO)
) (C:\Users\USER\AppData\Local\Programs\MiKTeX\tex/generic/pdftexcmds\pdftexcmds.sty
Package: pdftexcmds 2020-06-27 v0.33 Utility functions of pdfTeX for LuaTeX (HO)
 (C:\Users\USER\AppData\Local\Programs\MiKTeX\tex/generic/infwarerr\infwarerr.sty
Package: infwarerr 2019/12/03 v1.5 Providing info/warning/error messages (HO)
)
Package pdftexcmds Info: \pdf@primitive is available.
Package pdftexcmds Info: \pdf@ifprimitive is available.
Package pdftexcmds Info: \pdfdraftmode found.
)) (C:\Users\USER\AppData\Local\Programs\MiKTeX\tex/latex/hycolor\hycolor.sty
Package: hycolor 2020-01-27 v1.10 Color options for hyperref/bookmark (HO)
) (C:\Users\USER\AppData\Local\Programs\MiKTeX\tex/latex/hyperref\nameref.sty
Package: nameref 2025-06-21 v2.57 Cross-referencing by name of section
 (C:\Users\USER\AppData\Local\Programs\MiKTeX\tex/latex/refcount\refcount.sty
Package: refcount 2019/12/15 v3.6 Data extraction from label references (HO)
) (C:\Users\USER\AppData\Local\Programs\MiKTeX\tex/generic/gettitlestring\gettitlestring.sty
Package: gettitlestring 2019/12/15 v1.6 Cleanup title references (HO)
 (C:\Users\USER\AppData\Local\Programs\MiKTeX\tex/latex/kvoptions\kvoptions.sty
Package: kvoptions 2022-06-15 v3.15 Key value format for package options (HO)
))
\c@section@level=\count284
) (C:\Users\USER\AppData\Local\Programs\MiKTeX\tex/latex/etoolbox\etoolbox.sty
Package: etoolbox 2025/10/02 v2.5m e-TeX tools for LaTeX (JAW)
\etb@tempcnta=\count285
) (C:\Users\USER\AppData\Local\Programs\MiKTeX\tex/generic/stringenc\stringenc.sty
Package: stringenc 2019/11/29 v1.12 Convert strings between diff. encodings (HO)
)
\@linkdim=\dimen149
\Hy@linkcounter=\count286
\Hy@pagecounter=\count287
 (C:\Users\USER\AppData\Local\Programs\MiKTeX\tex/latex/hyperref\pd1enc.def
File: pd1enc.def 2025-07-12 v7.01o Hyperref: PDFDocEncoding definition (HO)
Now handling font encoding PD1 ...
... no UTF-8 mapping file for font encoding PD1
) (C:\Users\USER\AppData\Local\Programs\MiKTeX\tex/generic/intcalc\intcalc.sty
Package: intcalc 2019/12/15 v1.3 Expandable calculations with integers (HO)
)
\Hy@SavedSpaceFactor=\count288
 (C:\Users\USER\AppData\Local\Programs\MiKTeX\tex/latex/hyperref\puenc.def
File: puenc.def 2025-07-12 v7.01o Hyperref: PDF Unicode definition (HO)
Now handling font encoding PU ...
... no UTF-8 mapping file for font encoding PU
)
Package hyperref Info: Option `final' set `true' on input line 4066.
Package hyperref Info: Hyper figures OFF on input line 4195.
Package hyperref Info: Link nesting OFF on input line 4200.
Package hyperref Info: Hyper index ON on input line 4203.
Package hyperref Info: Plain pages OFF on input line 4210.
Package hyperref Info: Backreferencing OFF on input line 4215.
Package hyperref Info: Implicit mode ON; LaTeX internals redefined.
Package hyperref Info: Bookmarks ON on input line 4462.
\c@Hy@tempcnt=\count289
 (C:\Users\USER\AppData\Local\Programs\MiKTeX\tex/latex/url\url.sty
\Urlmuskip=\muskip17
Package: url 2013/09/16  ver 3.4  Verb mode for urls, etc.
)
LaTeX Info: Redefining \url on input line 4801.
\XeTeXLinkMargin=\dimen150
 (C:\Users\USER\AppData\Local\Programs\MiKTeX\tex/generic/bitset\bitset.sty
Package: bitset 2019/12/09 v1.3 Handle bit-vector datatype (HO)
 (C:\Users\USER\AppData\Local\Programs\MiKTeX\tex/generic/bigintcalc\bigintcalc.sty
Package: bigintcalc 2019/12/15 v1.5 Expandable calculations on big integers (HO)
))
\Fld@menulength=\count290
\Field@Width=\dimen151
\Fld@charsize=\dimen152
Package hyperref Info: Hyper figures OFF on input line 6078.
Package hyperref Info: Link nesting OFF on input line 6083.
Package hyperref Info: Hyper index ON on input line 6086.
Package hyperref Info: backreferencing OFF on input line 6093.
Package hyperref Info: Link coloring OFF on input line 6098.
Package hyperref Info: Link coloring with OCG OFF on input line 6103.
Package hyperref Info: PDF/A mode OFF on input line 6108.
\Hy@abspage=\count291
\c@Item=\count292
\c@Hfootnote=\count293
)
Package hyperref Info: Driver (autodetected): hpdftex.
 (C:\Users\USER\AppData\Local\Programs\MiKTeX\tex/latex/hyperref\hpdftex.def
File: hpdftex.def 2025-07-12 v7.01o Hyperref driver for pdfTeX
\Fld@listcount=\count294
\c@bookmark@seq@number=\count295
 (C:\Users\USER\AppData\Local\Programs\MiKTeX\tex/latex/rerunfilecheck\rerunfilecheck.sty
Package: rerunfilecheck 2025-06-21 v1.11 Rerun checks for auxiliary files (HO)
 (C:\Users\USER\AppData\Local\Programs\MiKTeX\tex/generic/uniquecounter\uniquecounter.sty
Package: uniquecounter 2019/12/15 v1.4 Provide unlimited unique counter (HO)
)
Package uniquecounter Info: New unique counter `rerunfilecheck' on input line 284.
)
\Hy@SectionHShift=\skip51
)
Package hyperref Info: Option `colorlinks' set `false' on input line 56.
Package hyperref Info: Option `bookmarksopen' set `false' on input line 56.
Package hyperref Info: Option `bookmarksnumbered' set `true' on input line 56.
 (C:\Users\USER\AppData\Local\Programs\MiKTeX\tex/latex/multirow\multirow.sty
Package: multirow 2024/11/12 v2.9 Span multiple rows of a table
\multirow@colwidth=\skip52
\multirow@cntb=\count296
\multirow@dima=\skip53
\bigstrutjot=\dimen153
) (C:\Users\USER\AppData\Local\Programs\MiKTeX\tex/latex/graphics\graphicx.sty
Package: graphicx 2024/12/31 v1.2e Enhanced LaTeX Graphics (DPC,SPQR)
 (C:\Users\USER\AppData\Local\Programs\MiKTeX\tex/latex/graphics\graphics.sty
Package: graphics 2024/08/06 v1.4g Standard LaTeX Graphics (DPC,SPQR)
 (C:\Users\USER\AppData\Local\Programs\MiKTeX\tex/latex/graphics\trig.sty
Package: trig 2023/12/02 v1.11 sin cos tan (DPC)
) (C:\Users\USER\AppData\Local\Programs\MiKTeX\tex/latex/graphics-cfg\graphics.cfg
File: graphics.cfg 2016/06/04 v1.11 sample graphics configuration
)
Package graphics Info: Driver file: pdftex.def on input line 106.
 (C:\Users\USER\AppData\Local\Programs\MiKTeX\tex/latex/graphics-def\pdftex.def
File: pdftex.def 2025/09/29 v1.2d Graphics/color driver for pdftex
))
\Gin@req@height=\dimen154
\Gin@req@width=\dimen155
) (C:\Users\USER\AppData\Local\Programs\MiKTeX\tex/latex/setspace\setspace.sty
Package: setspace 2022/12/04 v6.7b set line spacing
) (C:\Users\USER\AppData\Local\Programs\MiKTeX\tex/latex/geometry\geometry.sty
Package: geometry 2020/01/02 v5.9 Page Geometry
 (C:\Users\USER\AppData\Local\Programs\MiKTeX\tex/generic/iftex\ifvtex.sty
Package: ifvtex 2019/10/25 v1.7 ifvtex legacy package. Use iftex instead.
)
\Gm@cnth=\count297
\Gm@cntv=\count298
\c@Gm@tempcnt=\count299
\Gm@bindingoffset=\dimen156
\Gm@wd@mp=\dimen157
\Gm@odd@mp=\dimen158
\Gm@even@mp=\dimen159
\Gm@layoutwidth=\dimen160
\Gm@layoutheight=\dimen161
\Gm@layouthoffset=\dimen162
\Gm@layoutvoffset=\dimen163
\Gm@dimlist=\toks18
 (C:\Users\USER\AppData\Local\Programs\MiKTeX\tex/latex/geometry\geometry.cfg)) (C:\Users\USER\AppData\Local\Programs\MiKTeX\tex/latex/caption\caption.sty
Package: caption 2023/08/05 v3.6o Customizing captions (AR)
 (C:\Users\USER\AppData\Local\Programs\MiKTeX\tex/latex/caption\caption3.sty
Package: caption3 2023/07/31 v2.4d caption3 kernel (AR)
\caption@tempdima=\dimen164
\captionmargin=\dimen165
\caption@leftmargin=\dimen166
\caption@rightmargin=\dimen167
\caption@width=\dimen168
\caption@indent=\dimen169
\caption@parindent=\dimen170
\caption@hangindent=\dimen171
Package caption Info: Standard document class detected.
)
\c@caption@flags=\count300
\c@continuedfloat=\count301
Package caption Info: hyperref package is loaded.
) (C:\Users\USER\AppData\Local\Programs\MiKTeX\tex/latex/amsmath\amsmath.sty
Package: amsmath 2025/07/09 v2.17z AMS math features
\@mathmargin=\skip54

For additional information on amsmath, use the `?' option.
(C:\Users\USER\AppData\Local\Programs\MiKTeX\tex/latex/amsmath\amstext.sty
Package: amstext 2024/11/17 v2.01 AMS text
 (C:\Users\USER\AppData\Local\Programs\MiKTeX\tex/latex/amsmath\amsgen.sty
File: amsgen.sty 1999/11/30 v2.0 generic functions
\@emptytoks=\toks19
\ex@=\dimen172
)) (C:\Users\USER\AppData\Local\Programs\MiKTeX\tex/latex/amsmath\amsbsy.sty
Package: amsbsy 1999/11/29 v1.2d Bold Symbols
\pmbraise@=\dimen173
) (C:\Users\USER\AppData\Local\Programs\MiKTeX\tex/latex/amsmath\amsopn.sty
Package: amsopn 2022/04/08 v2.04 operator names
)
\inf@bad=\count302
LaTeX Info: Redefining \frac on input line 233.
\uproot@=\count303
\leftroot@=\count304
LaTeX Info: Redefining \overline on input line 398.
LaTeX Info: Redefining \colon on input line 409.
\classnum@=\count305
\DOTSCASE@=\count306
LaTeX Info: Redefining \ldots on input line 495.
LaTeX Info: Redefining \dots on input line 498.
LaTeX Info: Redefining \cdots on input line 619.
\Mathstrutbox@=\box53
\strutbox@=\box54
LaTeX Info: Redefining \big on input line 721.
LaTeX Info: Redefining \Big on input line 722.
LaTeX Info: Redefining \bigg on input line 723.
LaTeX Info: Redefining \Bigg on input line 724.
\big@size=\dimen174
LaTeX Font Info:    Redeclaring font encoding OML on input line 742.
LaTeX Font Info:    Redeclaring font encoding OMS on input line 743.
\macc@depth=\count307
LaTeX Info: Redefining \bmod on input line 904.
LaTeX Info: Redefining \pmod on input line 909.
LaTeX Info: Redefining \smash on input line 939.
LaTeX Info: Redefining \relbar on input line 969.
LaTeX Info: Redefining \Relbar on input line 970.
\c@MaxMatrixCols=\count308
\dotsspace@=\muskip18
\c@parentequation=\count309
\dspbrk@lvl=\count310
\tag@help=\toks20
\row@=\count311
\column@=\count312
\maxfields@=\count313
\andhelp@=\toks21
\eqnshift@=\dimen175
\alignsep@=\dimen176
\tagshift@=\dimen177
\tagwidth@=\dimen178
\totwidth@=\dimen179
\lineht@=\dimen180
\@envbody=\toks22
\multlinegap=\skip55
\multlinetaggap=\skip56
\mathdisplay@stack=\toks23
LaTeX Info: Redefining \[ on input line 2950.
LaTeX Info: Redefining \] on input line 2951.
) (C:\Users\USER\AppData\Local\Programs\MiKTeX\tex/latex/amsfonts\amsfonts.sty
Package: amsfonts 2013/01/14 v3.01 Basic AMSFonts support
\symAMSa=\mathgroup4
\symAMSb=\mathgroup5
LaTeX Font Info:    Redeclaring math symbol \hbar on input line 98.
LaTeX Font Info:    Overwriting math alphabet `\mathfrak' in version `bold'
(Font)                  U/euf/m/n --> U/euf/b/n on input line 106.
) (C:\Users\USER\AppData\Local\Programs\MiKTeX\tex/latex/tools\bm.sty
Package: bm 2025/10/21 v1.2g Bold Symbol Support (DPC/FMi)
\symboldoperators=\mathgroup6
\symboldletters=\mathgroup7
\symboldsymbols=\mathgroup8
Package bm Info: No bold for \OMX/cmex/m/n, using \pmb.
Package bm Info: No bold for \U/msa/m/n, using \pmb.
Package bm Info: No bold for \U/msb/m/n, using \pmb.
LaTeX Font Info:    Redeclaring math alphabet \mathbf on input line 149.
) (C:\Users\USER\AppData\Local\Programs\MiKTeX\tex/latex/pslatex\pslatex.sty
Package: pslatex 2021/01/13 v1.3 pslatex emulation (DPC)
LaTeX Encoding Info:    Redeclaring text command \textsterling (encoding ?) on input line 51.
LaTeX Font Info:    Redeclaring symbol font `operators' on input line 66.
LaTeX Font Info:    Overwriting symbol font `operators' in version `normal'
(Font)                  OT1/cmr/m/n --> OT1/ptmcm/m/n on input line 66.
LaTeX Font Info:    Overwriting symbol font `operators' in version `bold'
(Font)                  OT1/cmr/bx/n --> OT1/ptmcm/m/n on input line 66.
LaTeX Font Info:    Redeclaring symbol font `letters' on input line 67.
LaTeX Font Info:    Overwriting symbol font `letters' in version `normal'
(Font)                  OML/cmm/m/it --> OML/ptmcm/m/it on input line 67.
LaTeX Font Info:    Overwriting symbol font `letters' in version `bold'
(Font)                  OML/cmm/b/it --> OML/ptmcm/m/it on input line 67.
LaTeX Font Info:    Redeclaring symbol font `symbols' on input line 68.
LaTeX Font Info:    Overwriting symbol font `symbols' in version `normal'
(Font)                  OMS/cmsy/m/n --> OMS/pzccm/m/n on input line 68.
LaTeX Font Info:    Overwriting symbol font `symbols' in version `bold'
(Font)                  OMS/cmsy/b/n --> OMS/pzccm/m/n on input line 68.
LaTeX Font Info:    Redeclaring symbol font `largesymbols' on input line 69.
LaTeX Font Info:    Overwriting symbol font `largesymbols' in version `normal'
(Font)                  OMX/cmex/m/n --> OMX/psycm/m/n on input line 69.
LaTeX Font Info:    Overwriting symbol font `largesymbols' in version `bold'
(Font)                  OMX/cmex/m/n --> OMX/psycm/m/n on input line 69.
\symbold=\mathgroup9
\symitalic=\mathgroup10
LaTeX Font Info:    Redeclaring math alphabet \mathbf on input line 75.
LaTeX Font Info:    Redeclaring math alphabet \mathit on input line 76.
LaTeX Font Info:    Overwriting math alphabet `\mathit' in version `normal'
(Font)                  OT1/cmr/m/it --> OT1/ptm/m/it on input line 76.
LaTeX Font Info:    Overwriting math alphabet `\mathit' in version `bold'
(Font)                  OT1/cmr/bx/it --> OT1/ptm/m/it on input line 76.
) (C:\Users\USER\AppData\Local\Programs\MiKTeX\tex/latex/fancyhdr\fancyhdr.sty
Package: fancyhdr 2025/02/07 v5.2 Extensive control of page headers and footers
\f@nch@headwidth=\skip57
\f@nch@offset@elh=\skip58
\f@nch@offset@erh=\skip59
\f@nch@offset@olh=\skip60
\f@nch@offset@orh=\skip61
\f@nch@offset@elf=\skip62
\f@nch@offset@erf=\skip63
\f@nch@offset@olf=\skip64
\f@nch@offset@orf=\skip65
\f@nch@height=\skip66
\f@nch@footalignment=\skip67
\f@nch@widthL=\skip68
\f@nch@widthC=\skip69
\f@nch@widthR=\skip70
\@temptokenb=\toks24
) (C:\Users\USER\AppData\Local\Programs\MiKTeX\tex/latex/pdfpages\pdfpages.sty
Package: pdfpages 2025/07/23 v0.6g Insert pages of external PDF documents (AM)
 (C:\Users\USER\AppData\Local\Programs\MiKTeX\tex/latex/base\ifthen.sty
Package: ifthen 2024/03/16 v1.1e Standard LaTeX ifthen package (DPC)
) (C:\Users\USER\AppData\Local\Programs\MiKTeX\tex/latex/tools\calc.sty
Package: calc 2025/03/01 v4.3b Infix arithmetic (KKT,FJ)
\calc@Acount=\count314
\calc@Bcount=\count315
\calc@Adimen=\dimen181
\calc@Bdimen=\dimen182
\calc@Askip=\skip71
\calc@Bskip=\skip72
LaTeX Info: Redefining \setlength on input line 86.
LaTeX Info: Redefining \addtolength on input line 87.
\calc@Ccount=\count316
\calc@Cskip=\skip73
) (C:\Users\USER\AppData\Local\Programs\MiKTeX\tex/latex/eso-pic\eso-pic.sty
Package: eso-pic 2023/05/03 v3.0c eso-pic (RN)
\ESO@tempdima=\dimen183
\ESO@tempdimb=\dimen184
 (C:\Users\USER\AppData\Local\Programs\MiKTeX\tex/latex/xcolor\xcolor.sty
Package: xcolor 2024/09/29 v3.02 LaTeX color extensions (UK)
 (C:\Users\USER\AppData\Local\Programs\MiKTeX\tex/latex/graphics-cfg\color.cfg
File: color.cfg 2016/01/02 v1.6 sample color configuration
)
Package xcolor Info: Driver file: pdftex.def on input line 274.
 (C:\Users\USER\AppData\Local\Programs\MiKTeX\tex/latex/graphics\mathcolor.ltx)
Package xcolor Info: Model `cmy' substituted by `cmy0' on input line 1349.
Package xcolor Info: Model `hsb' substituted by `rgb' on input line 1353.
Package xcolor Info: Model `RGB' extended on input line 1365.
Package xcolor Info: Model `HTML' substituted by `rgb' on input line 1367.
Package xcolor Info: Model `Hsb' substituted by `hsb' on input line 1368.
Package xcolor Info: Model `tHsb' substituted by `hsb' on input line 1369.
Package xcolor Info: Model `HSB' substituted by `hsb' on input line 1370.
Package xcolor Info: Model `Gray' substituted by `gray' on input line 1371.
Package xcolor Info: Model `wave' substituted by `hsb' on input line 1372.
))
\AM@pagewidth=\dimen185
\AM@pageheight=\dimen186
\AM@fboxrule=\dimen187
 (C:\Users\USER\AppData\Local\Programs\MiKTeX\tex/latex/pdfpages\pppdftex.def
File: pppdftex.def 2025/07/23 v0.6g Pdfpages driver for pdfTeX (AM)
)
\pdfpages@includegraphics@status=\count317
\AM@pagebox=\box55
\AM@global@opts=\toks25
\AM@pagecnt=\count318
\AM@toc@title=\toks26
\AM@lof@heading=\toks27
\c@AM@survey=\count319
\AM@templatesizebox=\box56
) (_internals/fncychap.sty

LaTeX Warning: You have requested package `_internals/fncychap',
               but the package provides `fncychap'.

Package: fncychap 2007/07/30 v1.34 LaTeX package (Revised chapters)
\RW=\skip74
\mylen=\skip75
\myhi=\skip76
\px=\skip77
\py=\skip78
\pyy=\skip79
\pxx=\skip80
) (C:\Users\USER\AppData\Local\Programs\MiKTeX\tex/latex/colortbl\colortbl.sty
Package: colortbl 2024/10/29 v1.0k Color table columns (DPC)
 (C:\Users\USER\AppData\Local\Programs\MiKTeX\tex/latex/tools\array.sty
Package: array 2025/09/25 v2.6n Tabular extension package (FMi)
\col@sep=\dimen188
\ar@mcellbox=\box57
\extrarowheight=\dimen189
\NC@list=\toks28
\extratabsurround=\skip81
\backup@length=\skip82
\ar@cellbox=\box58
)
\everycr=\toks29
\minrowclearance=\skip83
\rownum=\count320
) (C:\Users\USER\AppData\Local\Programs\MiKTeX\tex/latex/float\float.sty
Package: float 2001/11/08 v1.3d Float enhancements (AL)
\c@float@type=\count321
\float@exts=\toks30
\float@box=\box59
\@float@everytoks=\toks31
\@floatcapt=\box60
) (C:\Users\USER\AppData\Local\Programs\MiKTeX\tex/latex/natbib\natbib.sty
Package: natbib 2010/09/13 8.31b (PWD, AO)
\bibhang=\skip84
\bibsep=\skip85
LaTeX Info: Redefining \cite on input line 694.
\c@NAT@ctr=\count322
) (C:\Users\USER\AppData\Local\Programs\MiKTeX\tex/latex/units\nicefrac.sty
Package: nicefrac 1998/08/04 v0.9b Nice fractions
\L@UnitsRaiseDisplaystyle=\skip86
\L@UnitsRaiseTextstyle=\skip87
\L@UnitsRaiseScriptstyle=\skip88
) (C:\Users\USER\AppData\Local\Programs\MiKTeX\tex/latex/tocloft\tocloft.sty
Package: tocloft 2017/08/31 v2.3i parameterised ToC, etc., typesetting
Package tocloft Info: The document has chapter divisions on input line 51.
\cftparskip=\skip89
\cftbeforetoctitleskip=\skip90
\cftaftertoctitleskip=\skip91
\cftbeforepartskip=\skip92
\cftpartnumwidth=\skip93
\cftpartindent=\skip94
\cftbeforechapskip=\skip95
\cftchapindent=\skip96
\cftchapnumwidth=\skip97
\cftbeforesecskip=\skip98
\cftsecindent=\skip99
\cftsecnumwidth=\skip100
\cftbeforesubsecskip=\skip101
\cftsubsecindent=\skip102
\cftsubsecnumwidth=\skip103
\cftbeforesubsubsecskip=\skip104
\cftsubsubsecindent=\skip105
\cftsubsubsecnumwidth=\skip106
\cftbeforeparaskip=\skip107
\cftparaindent=\skip108
\cftparanumwidth=\skip109
\cftbeforesubparaskip=\skip110
\cftsubparaindent=\skip111
\cftsubparanumwidth=\skip112
\cftbeforeloftitleskip=\skip113
\cftafterloftitleskip=\skip114
\cftbeforefigskip=\skip115
\cftfigindent=\skip116
\cftfignumwidth=\skip117
\c@lofdepth=\count323
\c@lotdepth=\count324
\cftbeforelottitleskip=\skip118
\cftafterlottitleskip=\skip119
\cftbeforetabskip=\skip120
\cfttabindent=\skip121
\cfttabnumwidth=\skip122
) (C:\Users\USER\AppData\Local\Programs\MiKTeX\tex/latex/listings\listings.sty
\lst@mode=\count325
\lst@gtempboxa=\box61
\lst@token=\toks32
\lst@length=\count326
\lst@currlwidth=\dimen190
\lst@column=\count327
\lst@pos=\count328
\lst@lostspace=\dimen191
\lst@width=\dimen192
\lst@newlines=\count329
\lst@lineno=\count330
\lst@maxwidth=\dimen193
 (C:\Users\USER\AppData\Local\Programs\MiKTeX\tex/latex/listings\lstpatch.sty
File: lstpatch.sty 2025/11/14 1.11b (Carsten Heinz)
) (C:\Users\USER\AppData\Local\Programs\MiKTeX\tex/latex/listings\lstmisc.sty
File: lstmisc.sty 2025/11/14 1.11b (Carsten Heinz)
\c@lstnumber=\count331
\lst@skipnumbers=\count332
\lst@framebox=\box62
) (C:\Users\USER\AppData\Local\Programs\MiKTeX\tex/latex/listings\listings.cfg
File: listings.cfg 2025/11/14 1.11b listings configuration
))
Package: listings 2025/11/14 1.11b (Carsten Heinz)

==> First Aid for listings.sty no longer applied!
    Expected:
        2024/09/23 1.10c (Carsten Heinz)
    but found:
        2025/11/14 1.11b (Carsten Heinz)
    so I'm assuming it got fixed.
(C:\Users\USER\AppData\Local\Programs\MiKTeX\tex/latex/newfloat\newfloat.sty
Package: newfloat 2023/10/01 v1.2 Defining new floating environments (AR)
Package newfloat Info: Unsupported document class, or \@chapter 
(newfloat)             was already redefined by another package.
Package newfloat Info: \@chapter = macro:->\def \Hy@next {\Hy@MakeCurrentHrefAuto {\Hy@chapapp *}\Hy@raisedlink {\hyper@anchorstart {\@currentHref }\hyper@anchorend }}\ifnum \c@secnumdepth >\m@ne \@ifundefined {if@mainmatter}\iftrue {\csname if@mainmatter\endcsname }\let \Hy@next \relax \fi \fi \Hy@next \Hy@org@chapter .
Package newfloat Info: \Hy@org@chapter = macro:[#1]#2->\NR@gettitle {#1}\NR@chapter [{#1}]{#2}.
Package newfloat Info: \algocf@original@chapter = undefined.
)
\c@listing=\count333
\cftbeforelistingskip=\skip123
\cftlistingindent=\skip124
\cftlistingnumwidth=\skip125
\c@loldepth=\count334
\cftbeforeloltitleskip=\skip126
\cftafterloltitleskip=\skip127
Package newfloat Info: New float `listing' with options ` fileext=lol, listname={Daftar Kode}, name={Kode}, placement=htbp ' on input line 164.
Package newfloat Info: \c@listing is already defined on input line 164.
Package newfloat Info: float type `listing'=4 on input line 164.
Package newfloat Info: \listoflisting is already defined on input line 164.
Package newfloat Info: \l@listing is already defined on input line 164.
Package newfloat Info: \ext@listing is already defined on input line 164.
Package newfloat Info: \c@loldepth is already defined on input line 164.
 (C:\Users\USER\AppData\Local\Programs\MiKTeX\tex/latex/listings\lstlang1.sty
File: lstlang1.sty 2025/11/14 1.11b listings language file
) (C:\Users\USER\AppData\Local\Programs\MiKTeX\tex/latex/mdframed\mdframed.sty
Package: mdframed 2013/07/01 1.9b: mdframed
 (C:\Users\USER\AppData\Local\Programs\MiKTeX\tex/latex/l3packages/xparse\xparse.sty (C:\Users\USER\AppData\Local\Programs\MiKTeX\tex/latex/l3kernel\expl3.sty
Package: expl3 2025-11-06 L3 programming layer (loader) 
 (C:\Users\USER\AppData\Local\Programs\MiKTeX\tex/latex/l3backend\l3backend-pdftex.def
File: l3backend-pdftex.def 2025-10-09 L3 backend support: PDF output (pdfTeX)
\l__color_backend_stack_int=\count335
))
Package: xparse 2025-10-09 L3 Experimental document command parser
) (C:\Users\USER\AppData\Local\Programs\MiKTeX\tex/latex/zref\zref-abspage.sty
Package: zref-abspage 2025-06-08 v2.36 Module abspage for zref (HO)
 (C:\Users\USER\AppData\Local\Programs\MiKTeX\tex/latex/zref\zref-base.sty
Package: zref-base 2025-06-08 v2.36 Module base for zref (HO)
 (C:\Users\USER\AppData\Local\Programs\MiKTeX\tex/generic/etexcmds\etexcmds.sty
Package: etexcmds 2019/12/15 v1.7 Avoid name clashes with e-TeX commands (HO)
) (C:\Users\USER\AppData\Local\Programs\MiKTeX\tex/latex/auxhook\auxhook.sty
Package: auxhook 2019-12-17 v1.6 Hooks for auxiliary files (HO)
)
Package zref Info: New property list: main on input line 767.
Package zref Info: New property: default on input line 768.
Package zref Info: New property: page on input line 769.
)
\c@abspage=\count336
Package zref Info: New property: abspage on input line 67.
) (C:\Users\USER\AppData\Local\Programs\MiKTeX\tex/latex/needspace\needspace.sty
Package: needspace 2025/03/13 v1.3e reserve vertical space
)
\mdf@templength=\skip128
\c@mdf@globalstyle@cnt=\count337
\mdf@skipabove@length=\skip129
\mdf@skipbelow@length=\skip130
\mdf@leftmargin@length=\skip131
\mdf@rightmargin@length=\skip132
\mdf@innerleftmargin@length=\skip133
\mdf@innerrightmargin@length=\skip134
\mdf@innertopmargin@length=\skip135
\mdf@innerbottommargin@length=\skip136
\mdf@splittopskip@length=\skip137
\mdf@splitbottomskip@length=\skip138
\mdf@outermargin@length=\skip139
\mdf@innermargin@length=\skip140
\mdf@linewidth@length=\skip141
\mdf@innerlinewidth@length=\skip142
\mdf@middlelinewidth@length=\skip143
\mdf@outerlinewidth@length=\skip144
\mdf@roundcorner@length=\skip145
\mdf@footenotedistance@length=\skip146
\mdf@userdefinedwidth@length=\skip147
\mdf@needspace@length=\skip148
\mdf@frametitleaboveskip@length=\skip149
\mdf@frametitlebelowskip@length=\skip150
\mdf@frametitlerulewidth@length=\skip151
\mdf@frametitleleftmargin@length=\skip152
\mdf@frametitlerightmargin@length=\skip153
\mdf@shadowsize@length=\skip154
\mdf@extratopheight@length=\skip155
\mdf@subtitleabovelinewidth@length=\skip156
\mdf@subtitlebelowlinewidth@length=\skip157
\mdf@subtitleaboveskip@length=\skip158
\mdf@subtitlebelowskip@length=\skip159
\mdf@subtitleinneraboveskip@length=\skip160
\mdf@subtitleinnerbelowskip@length=\skip161
\mdf@subsubtitleabovelinewidth@length=\skip162
\mdf@subsubtitlebelowlinewidth@length=\skip163
\mdf@subsubtitleaboveskip@length=\skip164
\mdf@subsubtitlebelowskip@length=\skip165
\mdf@subsubtitleinneraboveskip@length=\skip166
\mdf@subsubtitleinnerbelowskip@length=\skip167
 (C:\Users\USER\AppData\Local\Programs\MiKTeX\tex/latex/pgf/frontendlayer\tikz.sty (C:\Users\USER\AppData\Local\Programs\MiKTeX\tex/latex/pgf/basiclayer\pgf.sty (C:\Users\USER\AppData\Local\Programs\MiKTeX\tex/latex/pgf/utilities\pgfrcs.sty (C:\Users\USER\AppData\Local\Programs\MiKTeX\tex/generic/pgf/utilities\pgfutil-common.tex
\pgfutil@everybye=\toks33
\pgfutil@tempdima=\dimen194
\pgfutil@tempdimb=\dimen195
) (C:\Users\USER\AppData\Local\Programs\MiKTeX\tex/generic/pgf/utilities\pgfutil-latex.def
\pgfutil@abb=\box63
) (C:\Users\USER\AppData\Local\Programs\MiKTeX\tex/generic/pgf/utilities\pgfrcs.code.tex (C:\Users\USER\AppData\Local\Programs\MiKTeX\tex/generic/pgf\pgf.revision.tex)
Package: pgfrcs 2025-08-29 v3.1.11a (3.1.11a)
))
Package: pgf 2025-08-29 v3.1.11a (3.1.11a)
 (C:\Users\USER\AppData\Local\Programs\MiKTeX\tex/latex/pgf/basiclayer\pgfcore.sty (C:\Users\USER\AppData\Local\Programs\MiKTeX\tex/latex/pgf/systemlayer\pgfsys.sty (C:\Users\USER\AppData\Local\Programs\MiKTeX\tex/generic/pgf/systemlayer\pgfsys.code.tex
Package: pgfsys 2025-08-29 v3.1.11a (3.1.11a)
 (C:\Users\USER\AppData\Local\Programs\MiKTeX\tex/generic/pgf/utilities\pgfkeys.code.tex
\pgfkeys@pathtoks=\toks34
\pgfkeys@temptoks=\toks35
 (C:\Users\USER\AppData\Local\Programs\MiKTeX\tex/generic/pgf/utilities\pgfkeyslibraryfiltered.code.tex
\pgfkeys@tmptoks=\toks36
))
\pgf@x=\dimen196
\pgf@y=\dimen197
\pgf@xa=\dimen198
\pgf@ya=\dimen199
\pgf@xb=\dimen256
\pgf@yb=\dimen257
\pgf@xc=\dimen258
\pgf@yc=\dimen259
\pgf@xd=\dimen260
\pgf@yd=\dimen261
\w@pgf@writea=\write3
\r@pgf@reada=\read2
\c@pgf@counta=\count338
\c@pgf@countb=\count339
\c@pgf@countc=\count340
\c@pgf@countd=\count341
\t@pgf@toka=\toks37
\t@pgf@tokb=\toks38
\t@pgf@tokc=\toks39
\pgf@sys@id@count=\count342
 (C:\Users\USER\AppData\Local\Programs\MiKTeX\tex/generic/pgf/systemlayer\pgf.cfg
File: pgf.cfg 2025-08-29 v3.1.11a (3.1.11a)
)
Driver file for pgf: pgfsys-pdftex.def
 (C:\Users\USER\AppData\Local\Programs\MiKTeX\tex/generic/pgf/systemlayer\pgfsys-pdftex.def
File: pgfsys-pdftex.def 2025-08-29 v3.1.11a (3.1.11a)
 (C:\Users\USER\AppData\Local\Programs\MiKTeX\tex/generic/pgf/systemlayer\pgfsys-common-pdf.def
File: pgfsys-common-pdf.def 2025-08-29 v3.1.11a (3.1.11a)
))) (C:\Users\USER\AppData\Local\Programs\MiKTeX\tex/generic/pgf/systemlayer\pgfsyssoftpath.code.tex
File: pgfsyssoftpath.code.tex 2025-08-29 v3.1.11a (3.1.11a)
\pgfsyssoftpath@smallbuffer@items=\count343
\pgfsyssoftpath@bigbuffer@items=\count344
) (C:\Users\USER\AppData\Local\Programs\MiKTeX\tex/generic/pgf/systemlayer\pgfsysprotocol.code.tex
File: pgfsysprotocol.code.tex 2025-08-29 v3.1.11a (3.1.11a)
)) (C:\Users\USER\AppData\Local\Programs\MiKTeX\tex/generic/pgf/basiclayer\pgfcore.code.tex
Package: pgfcore 2025-08-29 v3.1.11a (3.1.11a)
 (C:\Users\USER\AppData\Local\Programs\MiKTeX\tex/generic/pgf/math\pgfmath.code.tex (C:\Users\USER\AppData\Local\Programs\MiKTeX\tex/generic/pgf/math\pgfmathutil.code.tex) (C:\Users\USER\AppData\Local\Programs\MiKTeX\tex/generic/pgf/math\pgfmathparser.code.tex
\pgfmath@dimen=\dimen262
\pgfmath@count=\count345
\pgfmath@box=\box64
\pgfmath@toks=\toks40
\pgfmath@stack@operand=\toks41
\pgfmath@stack@operation=\toks42
) (C:\Users\USER\AppData\Local\Programs\MiKTeX\tex/generic/pgf/math\pgfmathfunctions.code.tex) (C:\Users\USER\AppData\Local\Programs\MiKTeX\tex/generic/pgf/math\pgfmathfunctions.basic.code.tex) (C:\Users\USER\AppData\Local\Programs\MiKTeX\tex/generic/pgf/math\pgfmathfunctions.trigonometric.code.tex) (C:\Users\USER\AppData\Local\Programs\MiKTeX\tex/generic/pgf/math\pgfmathfunctions.random.code.tex) (C:\Users\USER\AppData\Local\Programs\MiKTeX\tex/generic/pgf/math\pgfmathfunctions.comparison.code.tex) (C:\Users\USER\AppData\Local\Programs\MiKTeX\tex/generic/pgf/math\pgfmathfunctions.base.code.tex) (C:\Users\USER\AppData\Local\Programs\MiKTeX\tex/generic/pgf/math\pgfmathfunctions.round.code.tex) (C:\Users\USER\AppData\Local\Programs\MiKTeX\tex/generic/pgf/math\pgfmathfunctions.misc.code.tex) (C:\Users\USER\AppData\Local\Programs\MiKTeX\tex/generic/pgf/math\pgfmathfunctions.integerarithmetics.code.tex) (C:\Users\USER\AppData\Local\Programs\MiKTeX\tex/generic/pgf/math\pgfmathcalc.code.tex) (C:\Users\USER\AppData\Local\Programs\MiKTeX\tex/generic/pgf/math\pgfmathfloat.code.tex
\c@pgfmathroundto@lastzeros=\count346
)) (C:\Users\USER\AppData\Local\Programs\MiKTeX\tex/generic/pgf/math\pgfint.code.tex) (C:\Users\USER\AppData\Local\Programs\MiKTeX\tex/generic/pgf/basiclayer\pgfcorepoints.code.tex
File: pgfcorepoints.code.tex 2025-08-29 v3.1.11a (3.1.11a)
\pgf@picminx=\dimen263
\pgf@picmaxx=\dimen264
\pgf@picminy=\dimen265
\pgf@picmaxy=\dimen266
\pgf@pathminx=\dimen267
\pgf@pathmaxx=\dimen268
\pgf@pathminy=\dimen269
\pgf@pathmaxy=\dimen270
\pgf@xx=\dimen271
\pgf@xy=\dimen272
\pgf@yx=\dimen273
\pgf@yy=\dimen274
\pgf@zx=\dimen275
\pgf@zy=\dimen276
) (C:\Users\USER\AppData\Local\Programs\MiKTeX\tex/generic/pgf/basiclayer\pgfcorepathconstruct.code.tex
File: pgfcorepathconstruct.code.tex 2025-08-29 v3.1.11a (3.1.11a)
\pgf@path@lastx=\dimen277
\pgf@path@lasty=\dimen278
) (C:\Users\USER\AppData\Local\Programs\MiKTeX\tex/generic/pgf/basiclayer\pgfcorepathusage.code.tex
File: pgfcorepathusage.code.tex 2025-08-29 v3.1.11a (3.1.11a)
\pgf@shorten@end@additional=\dimen279
\pgf@shorten@start@additional=\dimen280
) (C:\Users\USER\AppData\Local\Programs\MiKTeX\tex/generic/pgf/basiclayer\pgfcorescopes.code.tex
File: pgfcorescopes.code.tex 2025-08-29 v3.1.11a (3.1.11a)
\pgfpic=\box65
\pgf@hbox=\box66
\pgf@layerbox@main=\box67
\pgf@picture@serial@count=\count347
) (C:\Users\USER\AppData\Local\Programs\MiKTeX\tex/generic/pgf/basiclayer\pgfcoregraphicstate.code.tex
File: pgfcoregraphicstate.code.tex 2025-08-29 v3.1.11a (3.1.11a)
\pgflinewidth=\dimen281
) (C:\Users\USER\AppData\Local\Programs\MiKTeX\tex/generic/pgf/basiclayer\pgfcoretransformations.code.tex
File: pgfcoretransformations.code.tex 2025-08-29 v3.1.11a (3.1.11a)
\pgf@pt@x=\dimen282
\pgf@pt@y=\dimen283
\pgf@pt@temp=\dimen284
) (C:\Users\USER\AppData\Local\Programs\MiKTeX\tex/generic/pgf/basiclayer\pgfcorequick.code.tex
File: pgfcorequick.code.tex 2025-08-29 v3.1.11a (3.1.11a)
) (C:\Users\USER\AppData\Local\Programs\MiKTeX\tex/generic/pgf/basiclayer\pgfcoreobjects.code.tex
File: pgfcoreobjects.code.tex 2025-08-29 v3.1.11a (3.1.11a)
) (C:\Users\USER\AppData\Local\Programs\MiKTeX\tex/generic/pgf/basiclayer\pgfcorepathprocessing.code.tex
File: pgfcorepathprocessing.code.tex 2025-08-29 v3.1.11a (3.1.11a)
) (C:\Users\USER\AppData\Local\Programs\MiKTeX\tex/generic/pgf/basiclayer\pgfcorearrows.code.tex
File: pgfcorearrows.code.tex 2025-08-29 v3.1.11a (3.1.11a)
\pgfarrowsep=\dimen285
) (C:\Users\USER\AppData\Local\Programs\MiKTeX\tex/generic/pgf/basiclayer\pgfcoreshade.code.tex
File: pgfcoreshade.code.tex 2025-08-29 v3.1.11a (3.1.11a)
\pgf@max=\dimen286
\pgf@sys@shading@range@num=\count348
\pgf@shadingcount=\count349
) (C:\Users\USER\AppData\Local\Programs\MiKTeX\tex/generic/pgf/basiclayer\pgfcoreimage.code.tex
File: pgfcoreimage.code.tex 2025-08-29 v3.1.11a (3.1.11a)
) (C:\Users\USER\AppData\Local\Programs\MiKTeX\tex/generic/pgf/basiclayer\pgfcoreexternal.code.tex
File: pgfcoreexternal.code.tex 2025-08-29 v3.1.11a (3.1.11a)
\pgfexternal@startupbox=\box68
) (C:\Users\USER\AppData\Local\Programs\MiKTeX\tex/generic/pgf/basiclayer\pgfcorelayers.code.tex
File: pgfcorelayers.code.tex 2025-08-29 v3.1.11a (3.1.11a)
) (C:\Users\USER\AppData\Local\Programs\MiKTeX\tex/generic/pgf/basiclayer\pgfcoretransparency.code.tex
File: pgfcoretransparency.code.tex 2025-08-29 v3.1.11a (3.1.11a)
) (C:\Users\USER\AppData\Local\Programs\MiKTeX\tex/generic/pgf/basiclayer\pgfcorepatterns.code.tex
File: pgfcorepatterns.code.tex 2025-08-29 v3.1.11a (3.1.11a)
) (C:\Users\USER\AppData\Local\Programs\MiKTeX\tex/generic/pgf/basiclayer\pgfcorerdf.code.tex
File: pgfcorerdf.code.tex 2025-08-29 v3.1.11a (3.1.11a)
))) (C:\Users\USER\AppData\Local\Programs\MiKTeX\tex/generic/pgf/modules\pgfmoduleshapes.code.tex
File: pgfmoduleshapes.code.tex 2025-08-29 v3.1.11a (3.1.11a)
\pgfnodeparttextbox=\box69
) (C:\Users\USER\AppData\Local\Programs\MiKTeX\tex/generic/pgf/modules\pgfmoduleplot.code.tex
File: pgfmoduleplot.code.tex 2025-08-29 v3.1.11a (3.1.11a)
) (C:\Users\USER\AppData\Local\Programs\MiKTeX\tex/latex/pgf/compatibility\pgfcomp-version-0-65.sty
Package: pgfcomp-version-0-65 2025-08-29 v3.1.11a (3.1.11a)
\pgf@nodesepstart=\dimen287
\pgf@nodesepend=\dimen288
) (C:\Users\USER\AppData\Local\Programs\MiKTeX\tex/latex/pgf/compatibility\pgfcomp-version-1-18.sty
Package: pgfcomp-version-1-18 2025-08-29 v3.1.11a (3.1.11a)
)) (C:\Users\USER\AppData\Local\Programs\MiKTeX\tex/latex/pgf/utilities\pgffor.sty (C:\Users\USER\AppData\Local\Programs\MiKTeX\tex/latex/pgf/utilities\pgfkeys.sty (C:\Users\USER\AppData\Local\Programs\MiKTeX\tex/generic/pgf/utilities\pgfkeys.code.tex)) (C:\Users\USER\AppData\Local\Programs\MiKTeX\tex/latex/pgf/math\pgfmath.sty (C:\Users\USER\AppData\Local\Programs\MiKTeX\tex/generic/pgf/math\pgfmath.code.tex)) (C:\Users\USER\AppData\Local\Programs\MiKTeX\tex/generic/pgf/utilities\pgffor.code.tex
Package: pgffor 2025-08-29 v3.1.11a (3.1.11a)
\pgffor@iter=\dimen289
\pgffor@skip=\dimen290
\pgffor@stack=\toks43
\pgffor@toks=\toks44
)) (C:\Users\USER\AppData\Local\Programs\MiKTeX\tex/generic/pgf/frontendlayer/tikz\tikz.code.tex
Package: tikz 2025-08-29 v3.1.11a (3.1.11a)
 (C:\Users\USER\AppData\Local\Programs\MiKTeX\tex/generic/pgf/libraries\pgflibraryplothandlers.code.tex
File: pgflibraryplothandlers.code.tex 2025-08-29 v3.1.11a (3.1.11a)
\pgf@plot@mark@count=\count350
\pgfplotmarksize=\dimen291
)
\tikz@lastx=\dimen292
\tikz@lasty=\dimen293
\tikz@lastxsaved=\dimen294
\tikz@lastysaved=\dimen295
\tikz@lastmovetox=\dimen296
\tikz@lastmovetoy=\dimen297
\tikzleveldistance=\dimen298
\tikzsiblingdistance=\dimen299
\tikz@figbox=\box70
\tikz@figbox@bg=\box71
\tikz@tempbox=\box72
\tikz@tempbox@bg=\box73
\tikztreelevel=\count351
\tikznumberofchildren=\count352
\tikznumberofcurrentchild=\count353
\tikz@fig@count=\count354
 (C:\Users\USER\AppData\Local\Programs\MiKTeX\tex/generic/pgf/modules\pgfmodulematrix.code.tex
File: pgfmodulematrix.code.tex 2025-08-29 v3.1.11a (3.1.11a)
\pgfmatrixcurrentrow=\count355
\pgfmatrixcurrentcolumn=\count356
\pgf@matrix@numberofcolumns=\count357
)
\tikz@expandcount=\count358
 (C:\Users\USER\AppData\Local\Programs\MiKTeX\tex/generic/pgf/frontendlayer/tikz/libraries\tikzlibrarytopaths.code.tex
File: tikzlibrarytopaths.code.tex 2025-08-29 v3.1.11a (3.1.11a)
))) (C:\Users\USER\AppData\Local\Programs\MiKTeX\tex/latex/mdframed\md-frame-1.mdf
File: md-frame-1.mdf 2013/07/01\ 1.9b: md-frame-1
)
\mdf@frametitlebox=\box74
\mdf@footnotebox=\box75
\mdf@splitbox@one=\box76
\mdf@splitbox@two=\box77
\mdf@splitbox@save=\box78
\mdfsplitboxwidth=\skip168
\mdfsplitboxtotalwidth=\skip169
\mdfsplitboxheight=\skip170
\mdfsplitboxdepth=\skip171
\mdfsplitboxtotalheight=\skip172
\mdfframetitleboxwidth=\skip173
\mdfframetitleboxtotalwidth=\skip174
\mdfframetitleboxheight=\skip175
\mdfframetitleboxdepth=\skip176
\mdfframetitleboxtotalheight=\skip177
\mdffootnoteboxwidth=\skip178
\mdffootnoteboxtotalwidth=\skip179
\mdffootnoteboxheight=\skip180
\mdffootnoteboxdepth=\skip181
\mdffootnoteboxtotalheight=\skip182
\mdftotallinewidth=\skip183
\mdfboundingboxwidth=\skip184
\mdfboundingboxtotalwidth=\skip185
\mdfboundingboxheight=\skip186
\mdfboundingboxdepth=\skip187
\mdfboundingboxtotalheight=\skip188
\mdf@freevspace@length=\skip189
\mdf@horizontalwidthofbox@length=\skip190
\mdf@verticalmarginwhole@length=\skip191
\mdf@horizontalspaceofbox=\skip192
\mdfsubtitleheight=\skip193
\mdfsubsubtitleheight=\skip194
\c@mdfcountframes=\count359

****** mdframed patching \endmdf@trivlist

****** -- success******

\mdf@envdepth=\count360
\c@mdf@env@i=\count361
\c@mdf@env@ii=\count362
\c@mdf@zref@counter=\count363
Package zref Info: New property: mdf@pagevalue on input line 895.
)) (C:\Users\USER\AppData\Local\Programs\MiKTeX\tex/latex/enumitem\enumitem.sty
Package: enumitem 2025/02/06 v3.11 Customized lists
\labelindent=\skip195
\enit@outerparindent=\dimen300
\enit@toks=\toks45
\enit@inbox=\box79
\enit@count@id=\count364
\enitdp@description=\count365
) (C:\Users\USER\AppData\Local\Programs\MiKTeX\tex/latex/base\fontenc.sty
Package: fontenc 2025/07/18 v2.1d Standard LaTeX package
) (C:\Users\USER\AppData\Local\Programs\MiKTeX\tex/latex/base\inputenc.sty
Package: inputenc 2024/02/08 v1.3d Input encoding file
\inpenc@prehook=\toks46
\inpenc@posthook=\toks47
) (C:\Users\USER\AppData\Local\Programs\MiKTeX\tex/latex/base\textcomp.sty
Package: textcomp 2024/04/24 v2.1b Standard LaTeX package
) (_internals/hype.indonesia.tex) (settings.tex) (istilah.tex) (thesis.aux

LaTeX Warning: Label `fig:erd' multiply defined.


LaTeX Warning: Label `fig:erd' multiply defined.


LaTeX Warning: Label `fig:erd' multiply defined.


LaTeX Warning: Label `fig:erd' multiply defined.


LaTeX Warning: Label `fig:erd' multiply defined.


LaTeX Warning: Label `fig:erd' multiply defined.


LaTeX Warning: Label `fig:erd' multiply defined.


LaTeX Warning: Label `fig:erd' multiply defined.


LaTeX Warning: Label `fig:erd' multiply defined.


LaTeX Warning: Label `fig:erd' multiply defined.


LaTeX Warning: Label `fig:erd' multiply defined.

)
\openout1 = `thesis.aux'.

LaTeX Font Info:    Checking defaults for OML/cmm/m/it on input line 46.
LaTeX Font Info:    ... okay on input line 46.
LaTeX Font Info:    Checking defaults for OMS/pzccm/m/n on input line 46.
LaTeX Font Info:    Trying to load font information for OMS+pzccm on input line 46.
 (C:\Users\USER\AppData\Local\Programs\MiKTeX\tex/latex/psnfss\omspzccm.fd
File: omspzccm.fd 2000/01/03 Fontinst v1.801 font definitions for OMS/pzccm.
)
LaTeX Font Info:    ... okay on input line 46.
LaTeX Font Info:    Checking defaults for OT1/cmr/m/n on input line 46.
LaTeX Font Info:    ... okay on input line 46.
LaTeX Font Info:    Checking defaults for T1/cmr/m/n on input line 46.
LaTeX Font Info:    ... okay on input line 46.
LaTeX Font Info:    Checking defaults for TS1/cmr/m/n on input line 46.
LaTeX Font Info:    ... okay on input line 46.
LaTeX Font Info:    Checking defaults for OMX/cmex/m/n on input line 46.
LaTeX Font Info:    ... okay on input line 46.
LaTeX Font Info:    Checking defaults for U/cmr/m/n on input line 46.
LaTeX Font Info:    ... okay on input line 46.
LaTeX Font Info:    Checking defaults for PD1/pdf/m/n on input line 46.
LaTeX Font Info:    ... okay on input line 46.
LaTeX Font Info:    Checking defaults for PU/pdf/m/n on input line 46.
LaTeX Font Info:    ... okay on input line 46.
Package hyperref Info: Link coloring OFF on input line 46.
 (thesis.out) (thesis.out)
\@outlinefile=\write4
\openout4 = `thesis.out'.

 (C:\Users\USER\AppData\Local\Programs\MiKTeX\tex/context/base/mkii\supp-pdf.mkii
[Loading MPS to PDF converter (version 2006.09.02).]
\scratchcounter=\count366
\scratchdimen=\dimen301
\scratchbox=\box80
\nofMPsegments=\count367
\nofMParguments=\count368
\everyMPshowfont=\toks48
\MPscratchCnt=\count369
\MPscratchDim=\dimen302
\MPnumerator=\count370
\makeMPintoPDFobject=\count371
\everyMPtoPDFconversion=\toks49
) (C:\Users\USER\AppData\Local\Programs\MiKTeX\tex/latex/epstopdf-pkg\epstopdf-base.sty
Package: epstopdf-base 2020-01-24 v2.11 Base part for package epstopdf
Package epstopdf-base Info: Redefining graphics rule for `.eps' on input line 485.
 (C:\Users\USER\AppData\Local\Programs\MiKTeX\tex/latex/00miktex\epstopdf-sys.cfg
File: epstopdf-sys.cfg 2021/03/18 v2.0 Configuration of epstopdf for MiKTeX
))
*geometry* driver: auto-detecting
*geometry* detected driver: pdftex
*geometry* verbose mode - [ preamble ] result:
* driver: pdftex
* paper: a4paper
* layout: <same size as paper>
* layoutoffset:(h,v)=(0.0pt,0.0pt)
* modes: 
* h-part:(L,W,R)=(113.81102pt, 398.3386pt, 85.35826pt)
* v-part:(T,H,B)=(85.35826pt, 674.33032pt, 85.35826pt)
* \paperwidth=597.50787pt
* \paperheight=845.04684pt
* \textwidth=398.3386pt
* \textheight=674.33032pt
* \oddsidemargin=41.54103pt
* \evensidemargin=41.54103pt
* \topmargin=-11.91173pt
* \headheight=0.0pt
* \headsep=25.0pt
* \topskip=12.0pt
* \footskip=30.0pt
* \marginparwidth=35.0pt
* \marginparsep=10.0pt
* \columnsep=10.0pt
* \skip\footins=10.8pt plus 4.0pt minus 2.0pt
* \hoffset=0.0pt
* \voffset=0.0pt
* \mag=1000
* \@twocolumnfalse
* \@twosidefalse
* \@mparswitchfalse
* \@reversemarginfalse
* (1in=72.27pt=25.4mm, 1cm=28.453pt)

Package caption Info: Begin \AtBeginDocument code.
Package caption Info: float package is loaded.
Package caption Info: listings package is loaded.
Package caption Info: End \AtBeginDocument code.
(C:\Users\USER\AppData\Local\Programs\MiKTeX\tex/latex/pdflscape\pdflscape.sty
Package: pdflscape 2022-10-27 v0.13 Display of landscape pages in PDF
 (C:\Users\USER\AppData\Local\Programs\MiKTeX\tex/latex/pdflscape\pdflscape-nometadata.sty
Package: pdflscape-nometadata 2022-10-28 v0.13 Display of landscape pages in PDF (HO)
 (C:\Users\USER\AppData\Local\Programs\MiKTeX\tex/latex/graphics\lscape.sty
Package: lscape 2020/05/28 v3.02 Landscape Pages (DPC)
)
Package pdflscape Info: Auto-detected driver: pdftex on input line 81.
))
\c@lstlisting=\count372
Package newfloat Info: Trying Plan B...
Package newfloat Info: `float' package detected.
 (_internals/sampul.tex
Package epstopdf Info: Source file: <_internals/makara.eps>
(epstopdf)                    date: 2025-12-03 04:37:04
(epstopdf)                    size: 66662 bytes
(epstopdf)             Output file: <_internals/makara-eps-converted-to.pdf>
(epstopdf)                    date: 2025-12-03 11:49:27
(epstopdf)                    size: 24322 bytes
(epstopdf)             Command: <miktex-epstopdf --outfile=_internals/makara-eps-converted-to.pdf _internals/makara.eps>
(epstopdf)             \includegraphics on input line 14.
Package epstopdf Info: Output file is already uptodate.
<_internals/makara-eps-converted-to.pdf, id=438, 219.82124pt x 219.82124pt>
File: _internals/makara-eps-converted-to.pdf Graphic file (type pdf)
<use _internals/makara-eps-converted-to.pdf>
Package pdftex.def Info: _internals/makara-eps-converted-to.pdf  used on input line 14.
(pdftex.def)             Requested size: 71.13188pt x 71.1291pt.
 [1

{C:/Users/USER/AppData/Local/MiKTeX/fonts/map/pdftex/pdftex.map}{C:/Users/USER/AppData/Local/Programs/MiKTeX/fonts/enc/dvips/base/8r.enc} <./_internals/makara-eps-converted-to.pdf>]) (_internals/judul_dalam.tex
Package epstopdf Info: Source file: <_internals/makara.eps>
(epstopdf)                    date: 2025-12-03 04:37:04
(epstopdf)                    size: 66662 bytes
(epstopdf)             Output file: <_internals/makara-eps-converted-to.pdf>
(epstopdf)                    date: 2025-12-03 11:49:27
(epstopdf)                    size: 24322 bytes
(epstopdf)             Command: <miktex-epstopdf --outfile=_internals/makara-eps-converted-to.pdf _internals/makara.eps>
(epstopdf)             \includegraphics on input line 12.
Package epstopdf Info: Output file is already uptodate.
File: _internals/makara-eps-converted-to.pdf Graphic file (type pdf)
<use _internals/makara-eps-converted-to.pdf>
Package pdftex.def Info: _internals/makara-eps-converted-to.pdf  used on input line 12.
(pdftex.def)             Requested size: 71.13188pt x 71.1291pt.
 [1]) (src/00-front_matter/01-persetujuan.tex
LaTeX Font Info:    Trying to load font information for OT1+ptmcm on input line 14.
 (C:\Users\USER\AppData\Local\Programs\MiKTeX\tex/latex/psnfss\ot1ptmcm.fd
File: ot1ptmcm.fd 2000/01/03 Fontinst v1.801 font definitions for OT1/ptmcm.
)
LaTeX Font Info:    Trying to load font information for OML+ptmcm on input line 14.
 (C:\Users\USER\AppData\Local\Programs\MiKTeX\tex/latex/psnfss\omlptmcm.fd
File: omlptmcm.fd 2000/01/03 Fontinst v1.801 font definitions for OML/ptmcm.
)
LaTeX Font Info:    Trying to load font information for OMX+psycm on input line 14.
 (C:\Users\USER\AppData\Local\Programs\MiKTeX\tex/latex/psnfss\omxpsycm.fd
File: omxpsycm.fd 2000/01/03 Fontinst v1.801 font definitions for OMX/psycm.
)
LaTeX Font Info:    Trying to load font information for U+msa on input line 14.
 (C:\Users\USER\AppData\Local\Programs\MiKTeX\tex/latex/amsfonts\umsa.fd
File: umsa.fd 2013/01/14 v3.01 AMS symbols A
)
LaTeX Font Info:    Trying to load font information for U+msb on input line 14.
 (C:\Users\USER\AppData\Local\Programs\MiKTeX\tex/latex/amsfonts\umsb.fd
File: umsb.fd 2013/01/14 v3.01 AMS symbols B
)
LaTeX Font Info:    Font shape `OT1/ptm/bx/n' in size <12> not available
(Font)              Font shape `OT1/ptm/b/n' tried instead on input line 14.
LaTeX Font Info:    Font shape `OT1/ptm/bx/n' in size <9> not available
(Font)              Font shape `OT1/ptm/b/n' tried instead on input line 14.
LaTeX Font Info:    Font shape `OT1/ptm/bx/n' in size <7> not available
(Font)              Font shape `OT1/ptm/b/n' tried instead on input line 14.

Underfull \hbox (badness 10000) in paragraph at lines 13--19

 []


Underfull \hbox (badness 10000) in paragraph at lines 22--23

 []

[2

]) (src/00-front_matter/02-orisinalitas.tex [3

]) (src/00-front_matter/03-pengesahan_sidang.tex
Overfull \hbox (86.09404pt too wide) in paragraph at lines 13--21
[] 
 []


Underfull \hbox (badness 10000) in paragraph at lines 13--21

 []


Underfull \hbox (badness 10000) in paragraph at lines 24--28

 []


Underfull \hbox (badness 10000) in paragraph at lines 35--45

 []


Overfull \hbox (16.19841pt too wide) in paragraph at lines 46--47
[][]
 []


Underfull \hbox (badness 10000) in paragraph at lines 46--47

 []

[4

])

Package hyperref Warning: Token not allowed in a PDF string (Unicode):
(hyperref)                removing `\uppercase' on input line 78.

(src/00-front_matter/04-pengantar.tex) (src/00-front_matter/05-persetujuan_publikasi.tex [5

]
Underfull \hbox (badness 10000) in paragraph at lines 30--36

 []

[6

]) (src/00-front_matter/06-abstrak.tex [7

]) (src/00-front_matter/07-abstract.tex [8

])

Package hyperref Warning: Token not allowed in a PDF string (Unicode):
(hyperref)                removing `\uppercase' on input line 96.

(thesis.toc [9

]

Package fancyhdr Warning: \headheight is too small (0.0pt): 
(fancyhdr)                Make it at least 14.49998pt, for example:
(fancyhdr)                \setlength{\headheight}{14.49998pt}.
(fancyhdr)                You might also make \topmargin smaller:
(fancyhdr)                \addtolength{\topmargin}{-14.49998pt}.

LaTeX Font Info:    Font shape `T1/phv/m/n' will be
(Font)              scaled to size 8.99994pt on input line 64.
LaTeX Font Info:    Font shape `T1/phv/b/n' will be
(Font)              scaled to size 8.99994pt on input line 64.
[10]

Package fancyhdr Warning: \headheight is too small (0.0pt): 
(fancyhdr)                Make it at least 14.49998pt, for example:
(fancyhdr)                \setlength{\headheight}{14.49998pt}.
(fancyhdr)                You might also make \topmargin smaller:
(fancyhdr)                \addtolength{\topmargin}{-14.49998pt}.

[11])
\tf@toc=\write5
\openout5 = `thesis.toc'.



Package fancyhdr Warning: \headheight is too small (0.0pt): 
(fancyhdr)                Make it at least 14.49998pt, for example:
(fancyhdr)                \setlength{\headheight}{14.49998pt}.
(fancyhdr)                You might also make \topmargin smaller:
(fancyhdr)                \addtolength{\topmargin}{-14.49998pt}.

[12]

Package hyperref Warning: Token not allowed in a PDF string (Unicode):
(hyperref)                removing `\uppercase' on input line 99.

(thesis.lof [13


])
\tf@lof=\write6
\openout6 = `thesis.lof'.



Package fancyhdr Warning: \headheight is too small (0.0pt): 
(fancyhdr)                Make it at least 14.49998pt, for example:
(fancyhdr)                \setlength{\headheight}{14.49998pt}.
(fancyhdr)                You might also make \topmargin smaller:
(fancyhdr)                \addtolength{\topmargin}{-14.49998pt}.

[14]

Package hyperref Warning: Token not allowed in a PDF string (Unicode):
(hyperref)                removing `\uppercase' on input line 102.

(thesis.lot)
\tf@lot=\write7
\openout7 = `thesis.lot'.

 [15


] (thesis.lol
Underfull \hbox (badness 1142) in paragraph at lines 11--11
 [][] [][]\T1/ptm/m/n/12 Model un-tuk Pub-likasi (Pub-li-ca-tionOpe-nAlex) dan Topik 
 []

)
\tf@lol=\write8
\openout8 = `thesis.lol'.

 [16


] (src/01-body/01-bab1.tex
BAB 1.

Package hyperref Warning: Token not allowed in a PDF string (Unicode):
(hyperref)                removing `\uppercase' on input line 2.

Package newfloat Info: Setting Plan B file extension to `lof'... on input line 2.

Underfull \hbox (badness 1308) in paragraph at lines 4--5
\T1/ptm/m/n/12 Bab ini akan men-je-laskan dasar-dasar yang melatar-be-lakangi pe-ngem-bangan
 []


pdfTeX warning (ext4): destination with the same identifier (name{page.1}) has been already used, duplicate ignored
<to be read again> 
                   \relax 
l.17 
      [1


]
Underfull \hbox (badness 1668) in paragraph at lines 36--37
[]\T1/ptm/m/n/12 Fitur Otomasi di-fokuskan pada mekanisme pub-likasi kon-ten ter-jad-wal
 []


Package fancyhdr Warning: \headheight is too small (0.0pt): 
(fancyhdr)                Make it at least 14.49998pt, for example:
(fancyhdr)                \setlength{\headheight}{14.49998pt}.
(fancyhdr)                You might also make \topmargin smaller:
(fancyhdr)                \addtolength{\topmargin}{-14.49998pt}.

[2]

Package fancyhdr Warning: \headheight is too small (0.0pt): 
(fancyhdr)                Make it at least 14.49998pt, for example:
(fancyhdr)                \setlength{\headheight}{14.49998pt}.
(fancyhdr)                You might also make \topmargin smaller:
(fancyhdr)                \addtolength{\topmargin}{-14.49998pt}.

[3]

Package fancyhdr Warning: \headheight is too small (0.0pt): 
(fancyhdr)                Make it at least 14.49998pt, for example:
(fancyhdr)                \setlength{\headheight}{14.49998pt}.
(fancyhdr)                You might also make \topmargin smaller:
(fancyhdr)                \addtolength{\topmargin}{-14.49998pt}.

[4]

Package fancyhdr Warning: \headheight is too small (0.0pt): 
(fancyhdr)                Make it at least 14.49998pt, for example:
(fancyhdr)                \setlength{\headheight}{14.49998pt}.
(fancyhdr)                You might also make \topmargin smaller:
(fancyhdr)                \addtolength{\topmargin}{-14.49998pt}.

[5]) (src/01-body/02-bab2.tex

Package fancyhdr Warning: \headheight is too small (0.0pt): 
(fancyhdr)                Make it at least 14.49998pt, for example:
(fancyhdr)                \setlength{\headheight}{14.49998pt}.
(fancyhdr)                You might also make \topmargin smaller:
(fancyhdr)                \addtolength{\topmargin}{-14.49998pt}.

[6]
BAB 2.

Package hyperref Warning: Token not allowed in a PDF string (Unicode):
(hyperref)                removing `\uppercase' on input line 4.


Underfull \hbox (badness 2205) in paragraph at lines 9--10
\T1/ptm/m/n/12 Pengembangan sis-tem in-for-masi web-site lab-o-ra-to-rium ini di-ba-ngun di atas
 []

LaTeX Font Info:    Trying to load font information for TS1+ptm on input line 14.
(C:\Users\USER\AppData\Local\Programs\MiKTeX\tex/latex/psnfss\ts1ptm.fd
File: ts1ptm.fd 2001/06/04 font definitions for TS1/ptm.
)
Underfull \hbox (badness 1137) in paragraph at lines 14--15
\T1/ptm/m/n/12 ngan ba-sis data (Post-greSQL) meng-gu-nakan ob-jek Python tanpa perlu
 []


Underfull \hbox (badness 1303) in paragraph at lines 16--17
[]\T1/ptm/b/n/12 Keamanan: \T1/ptm/m/n/12 Django memi-liki per-lin-dun-gan bawaan ter-hadap berba-gai
 []

[7

]

Package fancyhdr Warning: \headheight is too small (0.0pt): 
(fancyhdr)                Make it at least 14.49998pt, for example:
(fancyhdr)                \setlength{\headheight}{14.49998pt}.
(fancyhdr)                You might also make \topmargin smaller:
(fancyhdr)                \addtolength{\topmargin}{-14.49998pt}.

[8]

Package fancyhdr Warning: \headheight is too small (0.0pt): 
(fancyhdr)                Make it at least 14.49998pt, for example:
(fancyhdr)                \setlength{\headheight}{14.49998pt}.
(fancyhdr)                You might also make \topmargin smaller:
(fancyhdr)                \addtolength{\topmargin}{-14.49998pt}.

[9]
<assets/pics/bab2_model_erd.png, id=965, 1308.89pt x 1631.09375pt>
File: assets/pics/bab2_model_erd.png Graphic file (type png)
<use assets/pics/bab2_model_erd.png>
Package pdftex.def Info: assets/pics/bab2_model_erd.png  used on input line 85.
(pdftex.def)             Requested size: 398.3386pt x 496.40024pt.


Package fancyhdr Warning: \headheight is too small (0.0pt): 
(fancyhdr)                Make it at least 14.49998pt, for example:
(fancyhdr)                \setlength{\headheight}{14.49998pt}.
(fancyhdr)                You might also make \topmargin smaller:
(fancyhdr)                \addtolength{\topmargin}{-14.49998pt}.

[10]
Underfull \hbox (badness 2165) in paragraph at lines 92--96
\T1/ptm/m/n/12 de-ngan ling-kungan akademik: \T1/ptm/m/it/12 Dosen \T1/ptm/m/n/12 (\T1/pcr/m/n/12 FacultyMembers\T1/ptm/m/n/12 ), \T1/ptm/m/it/12 Ma-ha-siswa Ak-tif
 []


Package fancyhdr Warning: \headheight is too small (0.0pt): 
(fancyhdr)                Make it at least 14.49998pt, for example:
(fancyhdr)                \setlength{\headheight}{14.49998pt}.
(fancyhdr)                You might also make \topmargin smaller:
(fancyhdr)                \addtolength{\topmargin}{-14.49998pt}.

[11 <./assets/pics/bab2_model_erd.png>]

Package fancyhdr Warning: \headheight is too small (0.0pt): 
(fancyhdr)                Make it at least 14.49998pt, for example:
(fancyhdr)                \setlength{\headheight}{14.49998pt}.
(fancyhdr)                You might also make \topmargin smaller:
(fancyhdr)                \addtolength{\topmargin}{-14.49998pt}.

[12]

Package fancyhdr Warning: \headheight is too small (0.0pt): 
(fancyhdr)                Make it at least 14.49998pt, for example:
(fancyhdr)                \setlength{\headheight}{14.49998pt}.
(fancyhdr)                You might also make \topmargin smaller:
(fancyhdr)                \addtolength{\topmargin}{-14.49998pt}.

[13]
Underfull \hbox (badness 1342) in paragraph at lines 195--197
[]\T1/ptm/b/n/12 publicationopenalex_authors\T1/ptm/m/n/12 : Menghubungkan \T1/pcr/m/n/12 PublicationOpenAlex
 []


Underfull \hbox (badness 10000) in paragraph at lines 217--219
[]\T1/ptm/b/n/12 MajorCategoryPublications ke Sub-Cat-e-go-ry-Pub-li-ca-tions (One-to-
 []


Underfull \hbox (badness 1189) in paragraph at lines 220--223
[]\T1/ptm/b/n/12 SubCategoryPublications ke Pub-li-ca-tions (One-to-Many)\T1/ptm/m/n/12 : Satu sub-
 []


Package fancyhdr Warning: \headheight is too small (0.0pt): 
(fancyhdr)                Make it at least 14.49998pt, for example:
(fancyhdr)                \setlength{\headheight}{14.49998pt}.
(fancyhdr)                You might also make \topmargin smaller:
(fancyhdr)                \addtolength{\topmargin}{-14.49998pt}.

[14]

Package fancyhdr Warning: \headheight is too small (0.0pt): 
(fancyhdr)                Make it at least 14.49998pt, for example:
(fancyhdr)                \setlength{\headheight}{14.49998pt}.
(fancyhdr)                You might also make \topmargin smaller:
(fancyhdr)                \addtolength{\topmargin}{-14.49998pt}.

[15]
Underfull \hbox (badness 4229) in paragraph at lines 278--281
\T1/ptm/m/n/12 Tabel \T1/pcr/m/n/12 Event \T1/ptm/m/n/12 tidak memi-liki hubun-gan \T1/ptm/m/it/12 for-eign key \T1/ptm/m/n/12 ke tabel lain seperti
 []

<assets/pics/bab2_referensi.png, id=1003, 576.65437pt x 240.9pt>
File: assets/pics/bab2_referensi.png Graphic file (type png)
<use assets/pics/bab2_referensi.png>
Package pdftex.def Info: assets/pics/bab2_referensi.png  used on input line 294.
(pdftex.def)             Requested size: 278.83578pt x 116.48714pt.

Package fancyhdr Warning: \headheight is too small (0.0pt): 
(fancyhdr)                Make it at least 14.49998pt, for example:
(fancyhdr)                \setlength{\headheight}{14.49998pt}.
(fancyhdr)                You might also make \topmargin smaller:
(fancyhdr)                \addtolength{\topmargin}{-14.49998pt}.

[16 <./assets/pics/bab2_referensi.png>]
<assets/pics/bab2_wireframe.png, id=1009, 618.05907pt x 350.81062pt>
File: assets/pics/bab2_wireframe.png Graphic file (type png)
<use assets/pics/bab2_wireframe.png>
Package pdftex.def Info: assets/pics/bab2_wireframe.png  used on input line 304.
(pdftex.def)             Requested size: 278.83578pt x 158.27013pt.
) (src/01-body/03-bab3.tex

Package fancyhdr Warning: \headheight is too small (0.0pt): 
(fancyhdr)                Make it at least 14.49998pt, for example:
(fancyhdr)                \setlength{\headheight}{14.49998pt}.
(fancyhdr)                You might also make \topmargin smaller:
(fancyhdr)                \addtolength{\topmargin}{-14.49998pt}.

[17 <./assets/pics/bab2_wireframe.png>]
BAB 3.

Package hyperref Warning: Token not allowed in a PDF string (Unicode):
(hyperref)                removing `\uppercase' on input line 2.

[18

]
Underfull \hbox (badness 1924) in paragraph at lines 33--34
[]\T1/ptm/b/n/12 auth_permission\T1/ptm/m/n/12 : Meny-im-pan daf-tar selu-ruh izin (\T1/ptm/m/it/12 per-mis-sions\T1/ptm/m/n/12 ) yang
 []


Underfull \hbox (badness 1132) in paragraph at lines 43--44
[]\T1/ptm/b/n/12 core_author\T1/ptm/m/n/12 : Meny-im-pan en-ti-tas penulis yang men-cakup anggota lab
 []


Package fancyhdr Warning: \headheight is too small (0.0pt): 
(fancyhdr)                Make it at least 14.49998pt, for example:
(fancyhdr)                \setlength{\headheight}{14.49998pt}.
(fancyhdr)                You might also make \topmargin smaller:
(fancyhdr)                \addtolength{\topmargin}{-14.49998pt}.

[19]

Package fancyhdr Warning: \headheight is too small (0.0pt): 
(fancyhdr)                Make it at least 14.49998pt, for example:
(fancyhdr)                \setlength{\headheight}{14.49998pt}.
(fancyhdr)                You might also make \topmargin smaller:
(fancyhdr)                \addtolength{\topmargin}{-14.49998pt}.

[20]
Overfull \vbox (164.11441pt too high) has occurred while \output is active []



Package fancyhdr Warning: \headheight is too small (0.0pt): 
(fancyhdr)                Make it at least 14.49998pt, for example:
(fancyhdr)                \setlength{\headheight}{14.49998pt}.
(fancyhdr)                You might also make \topmargin smaller:
(fancyhdr)                \addtolength{\topmargin}{-14.49998pt}.

[21]

Package fancyhdr Warning: \headheight is too small (0.0pt): 
(fancyhdr)                Make it at least 14.49998pt, for example:
(fancyhdr)                \setlength{\headheight}{14.49998pt}.
(fancyhdr)                You might also make \topmargin smaller:
(fancyhdr)                \addtolength{\topmargin}{-14.49998pt}.

[22]

Package fancyhdr Warning: \headheight is too small (0.0pt): 
(fancyhdr)                Make it at least 14.49998pt, for example:
(fancyhdr)                \setlength{\headheight}{14.49998pt}.
(fancyhdr)                You might also make \topmargin smaller:
(fancyhdr)                \addtolength{\topmargin}{-14.49998pt}.

[23]
Overfull \vbox (45.97157pt too high) has occurred while \output is active []



Package fancyhdr Warning: \headheight is too small (0.0pt): 
(fancyhdr)                Make it at least 14.49998pt, for example:
(fancyhdr)                \setlength{\headheight}{14.49998pt}.
(fancyhdr)                You might also make \topmargin smaller:
(fancyhdr)                \addtolength{\topmargin}{-14.49998pt}.

[24]

Package fancyhdr Warning: \headheight is too small (0.0pt): 
(fancyhdr)                Make it at least 14.49998pt, for example:
(fancyhdr)                \setlength{\headheight}{14.49998pt}.
(fancyhdr)                You might also make \topmargin smaller:
(fancyhdr)                \addtolength{\topmargin}{-14.49998pt}.

[25]

Package fancyhdr Warning: \headheight is too small (0.0pt): 
(fancyhdr)                Make it at least 14.49998pt, for example:
(fancyhdr)                \setlength{\headheight}{14.49998pt}.
(fancyhdr)                You might also make \topmargin smaller:
(fancyhdr)                \addtolength{\topmargin}{-14.49998pt}.

[26]

Package fancyhdr Warning: \headheight is too small (0.0pt): 
(fancyhdr)                Make it at least 14.49998pt, for example:
(fancyhdr)                \setlength{\headheight}{14.49998pt}.
(fancyhdr)                You might also make \topmargin smaller:
(fancyhdr)                \addtolength{\topmargin}{-14.49998pt}.

[27]

Package fancyhdr Warning: \headheight is too small (0.0pt): 
(fancyhdr)                Make it at least 14.49998pt, for example:
(fancyhdr)                \setlength{\headheight}{14.49998pt}.
(fancyhdr)                You might also make \topmargin smaller:
(fancyhdr)                \addtolength{\topmargin}{-14.49998pt}.

[28]
<assets/pics/bab3_homepage.png, id=1293, 1371.1225pt x 2695.06876pt>
File: assets/pics/bab3_homepage.png Graphic file (type png)
<use assets/pics/bab3_homepage.png>
Package pdftex.def Info: assets/pics/bab3_homepage.png  used on input line 396.
(pdftex.def)             Requested size: 278.83578pt x 548.05136pt.


Package fancyhdr Warning: \headheight is too small (0.0pt): 
(fancyhdr)                Make it at least 14.49998pt, for example:
(fancyhdr)                \setlength{\headheight}{14.49998pt}.
(fancyhdr)                You might also make \topmargin smaller:
(fancyhdr)                \addtolength{\topmargin}{-14.49998pt}.

[29]
<assets/pics/bab3_faculty_members.png, id=1326, 1011.78pt x 453.19313pt>
File: assets/pics/bab3_faculty_members.png Graphic file (type png)
<use assets/pics/bab3_faculty_members.png>
Package pdftex.def Info: assets/pics/bab3_faculty_members.png  used on input line 405.
(pdftex.def)             Requested size: 278.83578pt x 124.89473pt.


Package fancyhdr Warning: \headheight is too small (0.0pt): 
(fancyhdr)                Make it at least 14.49998pt, for example:
(fancyhdr)                \setlength{\headheight}{14.49998pt}.
(fancyhdr)                You might also make \topmargin smaller:
(fancyhdr)                \addtolength{\topmargin}{-14.49998pt}.

[30 <./assets/pics/bab3_homepage.png>]
<assets/pics/bab3_research_grants.png, id=1332, 1014.79124pt x 453.19313pt>
File: assets/pics/bab3_research_grants.png Graphic file (type png)
<use assets/pics/bab3_research_grants.png>
Package pdftex.def Info: assets/pics/bab3_research_grants.png  used on input line 414.
(pdftex.def)             Requested size: 278.83578pt x 124.5213pt.
<assets/pics/bab3_publikasi.png, id=1333, 1017.04968pt x 456.95718pt>
File: assets/pics/bab3_publikasi.png Graphic file (type png)
<use assets/pics/bab3_publikasi.png>
Package pdftex.def Info: assets/pics/bab3_publikasi.png  used on input line 423.
(pdftex.def)             Requested size: 278.83578pt x 125.27663pt.
<assets/pics/bab3_tools_and_resources.png, id=1334, 1371.1225pt x 2078.76625pt>
File: assets/pics/bab3_tools_and_resources.png Graphic file (type png)
<use assets/pics/bab3_tools_and_resources.png>
Package pdftex.def Info: assets/pics/bab3_tools_and_resources.png  used on input line 432.
(pdftex.def)             Requested size: 278.83578pt x 422.72415pt.


Package fancyhdr Warning: \headheight is too small (0.0pt): 
(fancyhdr)                Make it at least 14.49998pt, for example:
(fancyhdr)                \setlength{\headheight}{14.49998pt}.
(fancyhdr)                You might also make \topmargin smaller:
(fancyhdr)                \addtolength{\topmargin}{-14.49998pt}.

[31 <./assets/pics/bab3_faculty_members.png> <./assets/pics/bab3_research_grants.png> <./assets/pics/bab3_publikasi.png>]
<assets/pics/bab3_events.png, id=1342, 1014.79124pt x 455.45157pt>
File: assets/pics/bab3_events.png Graphic file (type png)
<use assets/pics/bab3_events.png>
Package pdftex.def Info: assets/pics/bab3_events.png  used on input line 441.
(pdftex.def)             Requested size: 278.83578pt x 125.14185pt.


Package fancyhdr Warning: \headheight is too small (0.0pt): 
(fancyhdr)                Make it at least 14.49998pt, for example:
(fancyhdr)                \setlength{\headheight}{14.49998pt}.
(fancyhdr)                You might also make \topmargin smaller:
(fancyhdr)                \addtolength{\topmargin}{-14.49998pt}.

[32 <./assets/pics/bab3_tools_and_resources.png>]
<assets/pics/bab3_contacts.png, id=1349, 1371.1225pt x 1080.035pt>
File: assets/pics/bab3_contacts.png Graphic file (type png)
<use assets/pics/bab3_contacts.png>
Package pdftex.def Info: assets/pics/bab3_contacts.png  used on input line 450.
(pdftex.def)             Requested size: 278.83578pt x 219.62877pt.

Underfull \hbox (badness 1596) in paragraph at lines 457--458
[]\T1/ptm/m/n/12 Halaman ini me-man-faatkan \T1/ptm/m/it/12 Django Ad-min\T1/ptm/m/n/12 , yaitu an-tar-muka man-a-je-men
 []


Package fancyhdr Warning: \headheight is too small (0.0pt): 
(fancyhdr)                Make it at least 14.49998pt, for example:
(fancyhdr)                \setlength{\headheight}{14.49998pt}.
(fancyhdr)                You might also make \topmargin smaller:
(fancyhdr)                \addtolength{\topmargin}{-14.49998pt}.

[33 <./assets/pics/bab3_events.png> <./assets/pics/bab3_contacts.png>]
<assets/pics/bab3_admin.png, id=1356, 1371.1225pt x 702.625pt>
File: assets/pics/bab3_admin.png Graphic file (type png)
<use assets/pics/bab3_admin.png>
Package pdftex.def Info: assets/pics/bab3_admin.png  used on input line 461.
(pdftex.def)             Requested size: 278.83578pt x 142.88116pt.
<assets/pics/bab3_api_scraping.png, id=1357, 1080.035pt x 935.495pt>
File: assets/pics/bab3_api_scraping.png Graphic file (type png)
<use assets/pics/bab3_api_scraping.png>
Package pdftex.def Info: assets/pics/bab3_api_scraping.png  used on input line 471.
(pdftex.def)             Requested size: 278.83578pt x 241.51003pt.

Underfull \hbox (badness 1127) in paragraph at lines 475--476
[]\T1/ptm/m/n/12 Proses pengumpu-lan pub-likasi di-lakukan de-ngan langkah-langkah se-ba-gai
 []


Package fancyhdr Warning: \headheight is too small (0.0pt): 
(fancyhdr)                Make it at least 14.49998pt, for example:
(fancyhdr)                \setlength{\headheight}{14.49998pt}.
(fancyhdr)                You might also make \topmargin smaller:
(fancyhdr)                \addtolength{\topmargin}{-14.49998pt}.

[34 <./assets/pics/bab3_admin.png> <./assets/pics/bab3_api_scraping.png>]
Underfull \hbox (badness 2538) in paragraph at lines 477--478
[]\T1/ptm/m/n/12 Selanjutnya, \T1/ptm/m/it/12 au-thor ID \T1/ptm/m/n/12 terse-but dikirim ke fungsi pengam-bil pub-likasi
 []


Underfull \hbox (badness 3098) in paragraph at lines 481--482
[]\T1/ptm/m/n/12 pemeriksaan apakah pub-likasi terse-but su-dah per-nah di-sim-pan un-tuk
 []


Package fancyhdr Warning: \headheight is too small (0.0pt): 
(fancyhdr)                Make it at least 14.49998pt, for example:
(fancyhdr)                \setlength{\headheight}{14.49998pt}.
(fancyhdr)                You might also make \topmargin smaller:
(fancyhdr)                \addtolength{\topmargin}{-14.49998pt}.

[35]) (src/01-body/04-bab4.tex

Package fancyhdr Warning: \headheight is too small (0.0pt): 
(fancyhdr)                Make it at least 14.49998pt, for example:
(fancyhdr)                \setlength{\headheight}{14.49998pt}.
(fancyhdr)                You might also make \topmargin smaller:
(fancyhdr)                \addtolength{\topmargin}{-14.49998pt}.

[36]
BAB 4.

Package hyperref Warning: Token not allowed in a PDF string (Unicode):
(hyperref)                removing `\uppercase' on input line 2.

[37

]

Package fancyhdr Warning: \headheight is too small (0.0pt): 
(fancyhdr)                Make it at least 14.49998pt, for example:
(fancyhdr)                \setlength{\headheight}{14.49998pt}.
(fancyhdr)                You might also make \topmargin smaller:
(fancyhdr)                \addtolength{\topmargin}{-14.49998pt}.

[38]

Package fancyhdr Warning: \headheight is too small (0.0pt): 
(fancyhdr)                Make it at least 14.49998pt, for example:
(fancyhdr)                \setlength{\headheight}{14.49998pt}.
(fancyhdr)                You might also make \topmargin smaller:
(fancyhdr)                \addtolength{\topmargin}{-14.49998pt}.

[39]
<assets/pics/bab4_navigation.png, id=1399, 523.20468pt x 326.72063pt>
File: assets/pics/bab4_navigation.png Graphic file (type png)
<use assets/pics/bab4_navigation.png>
Package pdftex.def Info: assets/pics/bab4_navigation.png  used on input line 101.
(pdftex.def)             Requested size: 278.83578pt x 174.12328pt.


Package fancyhdr Warning: \headheight is too small (0.0pt): 
(fancyhdr)                Make it at least 14.49998pt, for example:
(fancyhdr)                \setlength{\headheight}{14.49998pt}.
(fancyhdr)                You might also make \topmargin smaller:
(fancyhdr)                \addtolength{\topmargin}{-14.49998pt}.

[40 <./assets/pics/bab4_navigation.png>]
<assets/pics/bab4_performance.png, id=1409, 518.6878pt x 435.12563pt>
File: assets/pics/bab4_performance.png Graphic file (type png)
<use assets/pics/bab4_performance.png>
Package pdftex.def Info: assets/pics/bab4_performance.png  used on input line 116.
(pdftex.def)             Requested size: 278.83578pt x 233.92194pt.
<assets/pics/bab4_performance_recomendation.png, id=1410, 526.96875pt x 417.81094pt>
File: assets/pics/bab4_performance_recomendation.png Graphic file (type png)
<use assets/pics/bab4_performance_recomendation.png>
Package pdftex.def Info: assets/pics/bab4_performance_recomendation.png  used on input line 134.
(pdftex.def)             Requested size: 278.83578pt x 221.0881pt.


Package fancyhdr Warning: \headheight is too small (0.0pt): 
(fancyhdr)                Make it at least 14.49998pt, for example:
(fancyhdr)                \setlength{\headheight}{14.49998pt}.
(fancyhdr)                You might also make \topmargin smaller:
(fancyhdr)                \addtolength{\topmargin}{-14.49998pt}.

[41 <./assets/pics/bab4_performance.png>]
<assets/pics/bab4_accesibility.png, id=1416, 521.69907pt x 414.79968pt>
File: assets/pics/bab4_accesibility.png Graphic file (type png)
<use assets/pics/bab4_accesibility.png>
Package pdftex.def Info: assets/pics/bab4_accesibility.png  used on input line 143.
(pdftex.def)             Requested size: 278.83578pt x 221.70361pt.

Underfull \hbox (badness 1292) in paragraph at lines 147--148
\T1/ptm/m/n/12 tingkat ak-sesi-bil-i-tas web-site be-rada dalam kat-e-gori sa-ngat baik. Meskipun
 []


Package fancyhdr Warning: \headheight is too small (0.0pt): 
(fancyhdr)                Make it at least 14.49998pt, for example:
(fancyhdr)                \setlength{\headheight}{14.49998pt}.
(fancyhdr)                You might also make \topmargin smaller:
(fancyhdr)                \addtolength{\topmargin}{-14.49998pt}.

[42 <./assets/pics/bab4_performance_recomendation.png> <./assets/pics/bab4_accesibility.png>]
<assets/pics/bab4_accesibility_recommendation.png, id=1423, 525.46312pt x 418.56375pt>
File: assets/pics/bab4_accesibility_recommendation.png Graphic file (type png)
<use assets/pics/bab4_accesibility_recommendation.png>
Package pdftex.def Info: assets/pics/bab4_accesibility_recommendation.png  used on input line 151.
(pdftex.def)             Requested size: 278.83578pt x 222.11874pt.
<assets/pics/bab4_bestpractice.png, id=1424, 521.69907pt x 432.86719pt>
File: assets/pics/bab4_bestpractice.png Graphic file (type png)
<use assets/pics/bab4_bestpractice.png>
Package pdftex.def Info: assets/pics/bab4_bestpractice.png  used on input line 158.
(pdftex.def)             Requested size: 278.83578pt x 231.36038pt.


Package fancyhdr Warning: \headheight is too small (0.0pt): 
(fancyhdr)                Make it at least 14.49998pt, for example:
(fancyhdr)                \setlength{\headheight}{14.49998pt}.
(fancyhdr)                You might also make \topmargin smaller:
(fancyhdr)                \addtolength{\topmargin}{-14.49998pt}.

[43 <./assets/pics/bab4_accesibility_recommendation.png> <./assets/pics/bab4_bestpractice.png>]
<assets/pics/bab4_seo.png, id=1431, 522.45187pt x 416.30531pt>
File: assets/pics/bab4_seo.png Graphic file (type png)
<use assets/pics/bab4_seo.png>
Package pdftex.def Info: assets/pics/bab4_seo.png  used on input line 167.
(pdftex.def)             Requested size: 278.83578pt x 222.18437pt.
<assets/pics/bab4_timespan.png, id=1432, 522.45187pt x 155.07938pt>
File: assets/pics/bab4_timespan.png Graphic file (type png)
<use assets/pics/bab4_timespan.png>
Package pdftex.def Info: assets/pics/bab4_timespan.png  used on input line 176.
(pdftex.def)             Requested size: 278.83578pt x 82.76668pt.
<assets/pics/bab4_timespan_performance_time.png, id=1433, 523.20468pt x 383.93437pt>
File: assets/pics/bab4_timespan_performance_time.png Graphic file (type png)
<use assets/pics/bab4_timespan_performance_time.png>
Package pdftex.def Info: assets/pics/bab4_timespan_performance_time.png  used on input line 183.
(pdftex.def)             Requested size: 278.83578pt x 204.6149pt.


Package fancyhdr Warning: \headheight is too small (0.0pt): 
(fancyhdr)                Make it at least 14.49998pt, for example:
(fancyhdr)                \setlength{\headheight}{14.49998pt}.
(fancyhdr)                You might also make \topmargin smaller:
(fancyhdr)                \addtolength{\topmargin}{-14.49998pt}.

[44 <./assets/pics/bab4_seo.png> <./assets/pics/bab4_timespan.png>]
<assets/pics/bab4_timespan_best_practice.png, id=1441, 526.96875pt x 438.13687pt>
File: assets/pics/bab4_timespan_best_practice.png Graphic file (type png)
<use assets/pics/bab4_timespan_best_practice.png>
Package pdftex.def Info: assets/pics/bab4_timespan_best_practice.png  used on input line 198.
(pdftex.def)             Requested size: 278.83578pt x 231.84372pt.


Package fancyhdr Warning: \headheight is too small (0.0pt): 
(fancyhdr)                Make it at least 14.49998pt, for example:
(fancyhdr)                \setlength{\headheight}{14.49998pt}.
(fancyhdr)                You might also make \topmargin smaller:
(fancyhdr)                \addtolength{\topmargin}{-14.49998pt}.

[45 <./assets/pics/bab4_timespan_performance_time.png>]
<assets/pics/bab4_bar_execution_time_database.png, id=1447, 722.7pt x 433.62pt>
File: assets/pics/bab4_bar_execution_time_database.png Graphic file (type png)
<use assets/pics/bab4_bar_execution_time_database.png>
Package pdftex.def Info: assets/pics/bab4_bar_execution_time_database.png  used on input line 209.
(pdftex.def)             Requested size: 278.83578pt x 167.29819pt.


Package fancyhdr Warning: \headheight is too small (0.0pt): 
(fancyhdr)                Make it at least 14.49998pt, for example:
(fancyhdr)                \setlength{\headheight}{14.49998pt}.
(fancyhdr)                You might also make \topmargin smaller:
(fancyhdr)                \addtolength{\topmargin}{-14.49998pt}.

[46 <./assets/pics/bab4_timespan_best_practice.png> <./assets/pics/bab4_bar_execution_time_database.png>]
<assets/pics/bab4_pie_test_status_database.png, id=1454, 433.62pt x 433.62pt>
File: assets/pics/bab4_pie_test_status_database.png Graphic file (type png)
<use assets/pics/bab4_pie_test_status_database.png>
Package pdftex.def Info: assets/pics/bab4_pie_test_status_database.png  used on input line 217.
(pdftex.def)             Requested size: 278.83578pt x 278.84576pt.
<assets/pics/bab4_stacked_test_class_status_database.png, id=1455, 578.16pt x 433.62pt>
File: assets/pics/bab4_stacked_test_class_status_database.png Graphic file (type png)
<use assets/pics/bab4_stacked_test_class_status_database.png>
Package pdftex.def Info: assets/pics/bab4_stacked_test_class_status_database.png  used on input line 225.
(pdftex.def)             Requested size: 278.83578pt x 209.1211pt.


Package fancyhdr Warning: \headheight is too small (0.0pt): 
(fancyhdr)                Make it at least 14.49998pt, for example:
(fancyhdr)                \setlength{\headheight}{14.49998pt}.
(fancyhdr)                You might also make \topmargin smaller:
(fancyhdr)                \addtolength{\topmargin}{-14.49998pt}.

[47 <./assets/pics/bab4_pie_test_status_database.png>]
File: assets/pics/bab4_stacked_test_class_status_database.png Graphic file (type png)
<use assets/pics/bab4_stacked_test_class_status_database.png>
Package pdftex.def Info: assets/pics/bab4_stacked_test_class_status_database.png  used on input line 233.
(pdftex.def)             Requested size: 278.83578pt x 209.1211pt.
<assets/pics/bab4_bar_execution_time_views.png, id=1461, 722.7pt x 433.62pt>
File: assets/pics/bab4_bar_execution_time_views.png Graphic file (type png)
<use assets/pics/bab4_bar_execution_time_views.png>
Package pdftex.def Info: assets/pics/bab4_bar_execution_time_views.png  used on input line 244.
(pdftex.def)             Requested size: 278.83578pt x 167.29819pt.


Package fancyhdr Warning: \headheight is too small (0.0pt): 
(fancyhdr)                Make it at least 14.49998pt, for example:
(fancyhdr)                \setlength{\headheight}{14.49998pt}.
(fancyhdr)                You might also make \topmargin smaller:
(fancyhdr)                \addtolength{\topmargin}{-14.49998pt}.

[48 <./assets/pics/bab4_stacked_test_class_status_database.png>]
<assets/pics/bab4_pie_test_status_views.png, id=1467, 433.62pt x 433.62pt>
File: assets/pics/bab4_pie_test_status_views.png Graphic file (type png)
<use assets/pics/bab4_pie_test_status_views.png>
Package pdftex.def Info: assets/pics/bab4_pie_test_status_views.png  used on input line 251.
(pdftex.def)             Requested size: 278.83578pt x 278.84576pt.


Package fancyhdr Warning: \headheight is too small (0.0pt): 
(fancyhdr)                Make it at least 14.49998pt, for example:
(fancyhdr)                \setlength{\headheight}{14.49998pt}.
(fancyhdr)                You might also make \topmargin smaller:
(fancyhdr)                \addtolength{\topmargin}{-14.49998pt}.

[49 <./assets/pics/bab4_bar_execution_time_views.png>]
<assets/pics/bab4_stacked_test_class_status_views.png, id=1473, 578.16pt x 433.62pt>
File: assets/pics/bab4_stacked_test_class_status_views.png Graphic file (type png)
<use assets/pics/bab4_stacked_test_class_status_views.png>
Package pdftex.def Info: assets/pics/bab4_stacked_test_class_status_views.png  used on input line 259.
(pdftex.def)             Requested size: 278.83578pt x 209.1211pt.
File: assets/pics/bab4_stacked_test_class_status_views.png Graphic file (type png)
<use assets/pics/bab4_stacked_test_class_status_views.png>
Package pdftex.def Info: assets/pics/bab4_stacked_test_class_status_views.png  used on input line 267.
(pdftex.def)             Requested size: 278.83578pt x 209.1211pt.


Package fancyhdr Warning: \headheight is too small (0.0pt): 
(fancyhdr)                Make it at least 14.49998pt, for example:
(fancyhdr)                \setlength{\headheight}{14.49998pt}.
(fancyhdr)                You might also make \topmargin smaller:
(fancyhdr)                \addtolength{\topmargin}{-14.49998pt}.

[50 <./assets/pics/bab4_pie_test_status_views.png> <./assets/pics/bab4_stacked_test_class_status_views.png>]) (src/01-body/05-bab5.tex

Package fancyhdr Warning: \headheight is too small (0.0pt): 
(fancyhdr)                Make it at least 14.49998pt, for example:
(fancyhdr)                \setlength{\headheight}{14.49998pt}.
(fancyhdr)                You might also make \topmargin smaller:
(fancyhdr)                \addtolength{\topmargin}{-14.49998pt}.

[51]
BAB 5.

Package hyperref Warning: Token not allowed in a PDF string (Unicode):
(hyperref)                removing `\uppercase' on input line 2.

[52

]

Package fancyhdr Warning: \headheight is too small (0.0pt): 
(fancyhdr)                Make it at least 14.49998pt, for example:
(fancyhdr)                \setlength{\headheight}{14.49998pt}.
(fancyhdr)                You might also make \topmargin smaller:
(fancyhdr)                \addtolength{\topmargin}{-14.49998pt}.

[53]

Package fancyhdr Warning: \headheight is too small (0.0pt): 
(fancyhdr)                Make it at least 14.49998pt, for example:
(fancyhdr)                \setlength{\headheight}{14.49998pt}.
(fancyhdr)                You might also make \topmargin smaller:
(fancyhdr)                \addtolength{\topmargin}{-14.49998pt}.

[54]

Package fancyhdr Warning: \headheight is too small (0.0pt): 
(fancyhdr)                Make it at least 14.49998pt, for example:
(fancyhdr)                \setlength{\headheight}{14.49998pt}.
(fancyhdr)                You might also make \topmargin smaller:
(fancyhdr)                \addtolength{\topmargin}{-14.49998pt}.

[55]

Package fancyhdr Warning: \headheight is too small (0.0pt): 
(fancyhdr)                Make it at least 14.49998pt, for example:
(fancyhdr)                \setlength{\headheight}{14.49998pt}.
(fancyhdr)                You might also make \topmargin smaller:
(fancyhdr)                \addtolength{\topmargin}{-14.49998pt}.

[56]
Underfull \hbox (badness 10000) in paragraph at lines 153--154
[]\T1/ptm/m/n/12 Jalankan server Django meng-gu-nakan per-in-tah \T1/pcr/m/n/12 python manage.py
 []

<assets/pics/bab5_login.png, id=1512, 1371.1225pt x 709.65125pt>
File: assets/pics/bab5_login.png Graphic file (type png)
<use assets/pics/bab5_login.png>
Package pdftex.def Info: assets/pics/bab5_login.png  used on input line 157.
(pdftex.def)             Requested size: 227.62204pt x 117.80206pt.

Package fancyhdr Warning: \headheight is too small (0.0pt): 
(fancyhdr)                Make it at least 14.49998pt, for example:
(fancyhdr)                \setlength{\headheight}{14.49998pt}.
(fancyhdr)                You might also make \topmargin smaller:
(fancyhdr)                \addtolength{\topmargin}{-14.49998pt}.

[57 <./assets/pics/bab5_login.png>]
<assets/pics/bab5_admin.png, id=1521, 1371.1225pt x 823.075pt>
File: assets/pics/bab5_admin.png Graphic file (type png)
<use assets/pics/bab5_admin.png>
Package pdftex.def Info: assets/pics/bab5_admin.png  used on input line 167.
(pdftex.def)             Requested size: 227.62204pt x 136.6304pt.
<assets/pics/bab5_publications.png, id=1522, 1371.1225pt x 1203.49625pt>
File: assets/pics/bab5_publications.png Graphic file (type png)
<use assets/pics/bab5_publications.png>
Package pdftex.def Info: assets/pics/bab5_publications.png  used on input line 176.
(pdftex.def)             Requested size: 227.62204pt x 199.78032pt.

Underfull \hbox (badness 10000) in paragraph at lines 173--179

 []


Package fancyhdr Warning: \headheight is too small (0.0pt): 
(fancyhdr)                Make it at least 14.49998pt, for example:
(fancyhdr)                \setlength{\headheight}{14.49998pt}.
(fancyhdr)                You might also make \topmargin smaller:
(fancyhdr)                \addtolength{\topmargin}{-14.49998pt}.

[58 <./assets/pics/bab5_admin.png> <./assets/pics/bab5_publications.png>]
<assets/pics/bab5_faculty_members.png, id=1530, 1371.1225pt x 1298.8525pt>
File: assets/pics/bab5_faculty_members.png Graphic file (type png)
<use assets/pics/bab5_faculty_members.png>
Package pdftex.def Info: assets/pics/bab5_faculty_members.png  used on input line 202.
(pdftex.def)             Requested size: 227.62204pt x 215.60945pt.


Package fancyhdr Warning: \headheight is too small (0.0pt): 
(fancyhdr)                Make it at least 14.49998pt, for example:
(fancyhdr)                \setlength{\headheight}{14.49998pt}.
(fancyhdr)                You might also make \topmargin smaller:
(fancyhdr)                \addtolength{\topmargin}{-14.49998pt}.

[59 <./assets/pics/bab5_faculty_members.png>]
<assets/pics/bab5_current_students.png, id=1536, 1371.1225pt x 746.79pt>
File: assets/pics/bab5_current_students.png Graphic file (type png)
<use assets/pics/bab5_current_students.png>
Package pdftex.def Info: assets/pics/bab5_current_students.png  used on input line 223.
(pdftex.def)             Requested size: 227.62204pt x 123.9671pt.
<assets/pics/bab5_alumni.png, id=1537, 1371.1225pt x 752.8125pt>
File: assets/pics/bab5_alumni.png Graphic file (type png)
<use assets/pics/bab5_alumni.png>
Package pdftex.def Info: assets/pics/bab5_alumni.png  used on input line 239.
(pdftex.def)             Requested size: 227.62204pt x 124.96684pt.


Package fancyhdr Warning: \headheight is too small (0.0pt): 
(fancyhdr)                Make it at least 14.49998pt, for example:
(fancyhdr)                \setlength{\headheight}{14.49998pt}.
(fancyhdr)                You might also make \topmargin smaller:
(fancyhdr)                \addtolength{\topmargin}{-14.49998pt}.

[60 <./assets/pics/bab5_current_students.png>]
<assets/pics/bab5_events.png, id=1543, 1371.1225pt x 937.5025pt>
File: assets/pics/bab5_events.png Graphic file (type png)
<use assets/pics/bab5_events.png>
Package pdftex.def Info: assets/pics/bab5_events.png  used on input line 257.
(pdftex.def)             Requested size: 227.62204pt x 155.62537pt.

Underfull \hbox (badness 10000) in paragraph at lines 254--260

 []


Package fancyhdr Warning: \headheight is too small (0.0pt): 
(fancyhdr)                Make it at least 14.49998pt, for example:
(fancyhdr)                \setlength{\headheight}{14.49998pt}.
(fancyhdr)                You might also make \topmargin smaller:
(fancyhdr)                \addtolength{\topmargin}{-14.49998pt}.

[61 <./assets/pics/bab5_alumni.png> <./assets/pics/bab5_events.png>]
<assets/pics/bab5_research_grant_sheets.png, id=1550, 1371.1225pt x 817.0525pt>
File: assets/pics/bab5_research_grant_sheets.png Graphic file (type png)
<use assets/pics/bab5_research_grant_sheets.png>
Package pdftex.def Info: assets/pics/bab5_research_grant_sheets.png  used on input line 278.
(pdftex.def)             Requested size: 227.62204pt x 135.63068pt.
<assets/pics/bab5_research_grant.png, id=1551, 1018.55531pt x 419.31656pt>
File: assets/pics/bab5_research_grant.png Graphic file (type png)
<use assets/pics/bab5_research_grant.png>
Package pdftex.def Info: assets/pics/bab5_research_grant.png  used on input line 285.
(pdftex.def)             Requested size: 227.62204pt x 93.70232pt.
<assets/pics/bab5_nlp_tools.png, id=1552, 1371.1225pt x 701.62125pt>
File: assets/pics/bab5_nlp_tools.png Graphic file (type png)
<use assets/pics/bab5_nlp_tools.png>
Package pdftex.def Info: assets/pics/bab5_nlp_tools.png  used on input line 296.
(pdftex.def)             Requested size: 227.62204pt x 116.46909pt.


Package fancyhdr Warning: \headheight is too small (0.0pt): 
(fancyhdr)                Make it at least 14.49998pt, for example:
(fancyhdr)                \setlength{\headheight}{14.49998pt}.
(fancyhdr)                You might also make \topmargin smaller:
(fancyhdr)                \addtolength{\topmargin}{-14.49998pt}.

[62 <./assets/pics/bab5_research_grant_sheets.png> <./assets/pics/bab5_research_grant.png>]
<assets/pics/bab5_dataset.png, id=1562, 1371.1225pt x 855.195pt>
File: assets/pics/bab5_dataset.png Graphic file (type png)
<use assets/pics/bab5_dataset.png>
Package pdftex.def Info: assets/pics/bab5_dataset.png  used on input line 312.
(pdftex.def)             Requested size: 227.62204pt x 141.96233pt.
) (src/01-body/99-kesimpulan.tex

Package fancyhdr Warning: \headheight is too small (0.0pt): 
(fancyhdr)                Make it at least 14.49998pt, for example:
(fancyhdr)                \setlength{\headheight}{14.49998pt}.
(fancyhdr)                You might also make \topmargin smaller:
(fancyhdr)                \addtolength{\topmargin}{-14.49998pt}.

[63 <./assets/pics/bab5_nlp_tools.png> <./assets/pics/bab5_dataset.png>]

Package fancyhdr Warning: \headheight is too small (0.0pt): 
(fancyhdr)                Make it at least 14.49998pt, for example:
(fancyhdr)                \setlength{\headheight}{14.49998pt}.
(fancyhdr)                You might also make \topmargin smaller:
(fancyhdr)                \addtolength{\topmargin}{-14.49998pt}.

[64]
BAB 6.

Package hyperref Warning: Token not allowed in a PDF string (Unicode):
(hyperref)                removing `\uppercase' on input line 2.

[65

]) (thesis.bbl

Package fancyhdr Warning: \headheight is too small (0.0pt): 
(fancyhdr)                Make it at least 14.49998pt, for example:
(fancyhdr)                \setlength{\headheight}{14.49998pt}.
(fancyhdr)                You might also make \topmargin smaller:
(fancyhdr)                \addtolength{\topmargin}{-14.49998pt}.

[66]

Package hyperref Warning: Token not allowed in a PDF string (Unicode):
(hyperref)                removing `\uppercase' on input line 1.

) [67

] (thesis.aux)
 ***********
LaTeX2e <2025-11-01>
L3 programming layer <2025-11-06>
 ***********


LaTeX Warning: There were multiply-defined labels.

Package rerunfilecheck Info: File `thesis.out' has not changed.
(rerunfilecheck)             Checksum: 97A2CC8FB5573814FD6A9EB2D8172457;21797.
 ) 
Here is how much of TeX's memory you used:
 29194 strings out of 467870
 536568 string characters out of 5418839
 1236942 words of memory out of 5000000
 56832 multiletter control sequences out of 15000+600000
 676857 words of font info for 108 fonts, out of 8000000 for 9000
 1210 hyphenation exceptions out of 8191
 119i,12n,130p,973b,1471s stack positions out of 10000i,1000n,20000p,200000b,200000s
<C:/Users/USER/AppData/Local/Programs/MiKTeX/fonts/type1/public/amsfonts/cm/cmsy10.pfb><C:/Users/USER/AppData/Local/Programs/MiKTeX/fonts/type1/urw/courier/ucrb8a.pfb><C:/Users/USER/AppData/Local/Programs/MiKTeX/fonts/type1/urw/courier/ucrr8a.pfb><C:/Users/USER/AppData/Local/Programs/MiKTeX/fonts/type1/urw/helvetic/uhvb8a.pfb><C:/Users/USER/AppData/Local/Programs/MiKTeX/fonts/type1/urw/times/utmb8a.pfb><C:/Users/USER/AppData/Local/Programs/MiKTeX/fonts/type1/urw/times/utmbi8a.pfb><C:/Users/USER/AppData/Local/Programs/MiKTeX/fonts/type1/urw/times/utmr8a.pfb><C:/Users/USER/AppData/Local/Programs/MiKTeX/fonts/type1/urw/times/utmri8a.pfb>
Output written on thesis.pdf (84 pages, 3839122 bytes).
PDF statistics:
 1754 PDF objects out of 2073 (max. 8388607)
 586 named destinations out of 1000 (max. 500000)
 1077 words of extra memory for PDF output out of 10000 (max. 10000000)

