\BOOKMARK [0][-]{section*.2}{\376\377\000H\000A\000L\000A\000M\000A\000N\000\040\000J\000U\000D\000U\000L}{}% 1
\BOOKMARK [0][-]{section*.4}{\376\377\000L\000E\000M\000B\000A\000R\000\040\000P\000E\000R\000S\000E\000T\000U\000J\000U\000A\000N}{}% 2
\BOOKMARK [0][-]{section*.5}{\376\377\000L\000E\000M\000B\000A\000R\000\040\000P\000E\000R\000N\000Y\000A\000T\000A\000A\000N\000\040\000O\000R\000I\000S\000I\000N\000A\000L\000I\000T\000A\000S}{}% 3
\BOOKMARK [0][-]{section*.6}{\376\377\000L\000E\000M\000B\000A\000R\000\040\000P\000E\000N\000G\000E\000S\000A\000H\000A\000N}{}% 4
\BOOKMARK [0][-]{section*.7}{\376\377\000K\000a\000t\000a\000\040\000P\000e\000n\000g\000a\000n\000t\000a\000r}{}% 5
\BOOKMARK [0][-]{section*.8}{\376\377\000L\000E\000M\000B\000A\000R\000\040\000P\000E\000R\000S\000E\000T\000U\000J\000U\000A\000N\000\040\000P\000U\000B\000L\000I\000K\000A\000S\000I\000\040\000I\000L\000M\000I\000A\000H}{}% 6
\BOOKMARK [0][-]{section*.9}{\376\377\000A\000B\000S\000T\000R\000A\000K}{}% 7
\BOOKMARK [0][-]{section*.10}{\376\377\000D\000a\000f\000t\000a\000r\000\040\000I\000s\000i}{}% 8
\BOOKMARK [0][-]{section*.11}{\376\377\000D\000a\000f\000t\000a\000r\000\040\000G\000a\000m\000b\000a\000r}{}% 9
\BOOKMARK [0][-]{section*.12}{\376\377\000D\000a\000f\000t\000a\000r\000\040\000T\000a\000b\000e\000l}{}% 10
\BOOKMARK [0][-]{chapter.1}{\376\377\0001\000\040\000P\000e\000n\000d\000a\000h\000u\000l\000u\000a\000n}{}% 11
\BOOKMARK [1][-]{section.1.1}{\376\377\0001\000.\0001\000\040\000L\000a\000t\000a\000r\000\040\000B\000e\000l\000a\000k\000a\000n\000g\000\040\000P\000r\000o\000y\000e\000k}{chapter.1}% 12
\BOOKMARK [1][-]{section.1.2}{\376\377\0001\000.\0002\000\040\000I\000d\000e\000n\000t\000i\000f\000i\000k\000a\000s\000i\000\040\000M\000a\000s\000a\000l\000a\000h}{chapter.1}% 13
\BOOKMARK [2][-]{subsection.1.2.1}{\376\377\0001\000.\0002\000.\0001\000\040\000B\000a\000t\000a\000s\000a\000n\000\040\000P\000e\000r\000m\000a\000s\000a\000l\000a\000h\000a\000n}{section.1.2}% 14
\BOOKMARK [2][-]{subsection.1.2.2}{\376\377\0001\000.\0002\000.\0002\000\040\000R\000u\000m\000u\000s\000a\000n\000\040\000M\000a\000s\000a\000l\000a\000h}{section.1.2}% 15
\BOOKMARK [1][-]{section.1.3}{\376\377\0001\000.\0003\000\040\000T\000u\000j\000u\000a\000n}{chapter.1}% 16
\BOOKMARK [1][-]{section.1.4}{\376\377\0001\000.\0004\000\040\000P\000o\000s\000i\000s\000i\000\040\000D\000o\000k\000u\000m\000e\000n\000t\000a\000s\000i\000\040\000W\000e\000b\000s\000i\000t\000e}{chapter.1}% 17
\BOOKMARK [1][-]{section.1.5}{\376\377\0001\000.\0005\000\040\000M\000e\000t\000o\000d\000o\000l\000o\000g\000i\000\040\000P\000e\000n\000e\000l\000i\000t\000i\000a\000n}{chapter.1}% 18
\BOOKMARK [1][-]{section.1.6}{\376\377\0001\000.\0006\000\040\000S\000i\000s\000t\000e\000m\000a\000t\000i\000k\000a\000\040\000P\000e\000n\000u\000l\000i\000s\000a\000n}{chapter.1}% 19
\BOOKMARK [0][-]{chapter.2}{\376\377\0002\000\040\000P\000e\000r\000a\000n\000c\000a\000n\000g\000a\000n\000\040\000S\000i\000s\000t\000e\000m}{}% 20
\BOOKMARK [1][-]{section.2.1}{\376\377\0002\000.\0001\000\040\000D\000a\000s\000a\000r\000\040\000T\000e\000k\000n\000o\000l\000o\000g\000i\000\040\000y\000a\000n\000g\000\040\000D\000i\000g\000u\000n\000a\000k\000a\000n}{chapter.2}% 21
\BOOKMARK [2][-]{subsection.2.1.1}{\376\377\0002\000.\0001\000.\0001\000\040\000F\000r\000a\000m\000e\000w\000o\000r\000k\000\040\000D\000j\000a\000n\000g\000o}{section.2.1}% 22
\BOOKMARK [2][-]{subsection.2.1.2}{\376\377\0002\000.\0001\000.\0002\000\040\000H\000T\000M\000L\000,\000\040\000C\000S\000S\000,\000\040\000d\000a\000n\000\040\000J\000a\000v\000a\000S\000c\000r\000i\000p\000t}{section.2.1}% 23
\BOOKMARK [2][-]{subsection.2.1.3}{\376\377\0002\000.\0001\000.\0003\000\040\000A\000P\000S\000c\000h\000e\000d\000u\000l\000e\000r\000\040\000u\000n\000t\000u\000k\000\040\000P\000e\000n\000j\000a\000d\000w\000a\000l\000a\000n\000\040\000T\000u\000g\000a\000s}{section.2.1}% 24
\BOOKMARK [2][-]{subsection.2.1.4}{\376\377\0002\000.\0001\000.\0004\000\040\000I\000n\000t\000e\000g\000r\000a\000s\000i\000\040\000G\000o\000o\000g\000l\000e\000\040\000S\000h\000e\000e\000t\000s}{section.2.1}% 25
\BOOKMARK [2][-]{subsection.2.1.5}{\376\377\0002\000.\0001\000.\0005\000\040\000P\000u\000b\000l\000i\000c\000a\000t\000i\000o\000n\000\040\000S\000c\000r\000a\000p\000i\000n\000g\000\040\000M\000e\000n\000g\000g\000u\000n\000a\000k\000a\000n\000\040\000O\000p\000e\000n\000A\000l\000e\000x}{section.2.1}% 26
\BOOKMARK [1][-]{section.2.2}{\376\377\0002\000.\0002\000\040\000A\000n\000a\000l\000i\000s\000i\000s\000\040\000S\000i\000s\000t\000e\000m}{chapter.2}% 27
\BOOKMARK [2][-]{subsection.2.2.1}{\376\377\0002\000.\0002\000.\0001\000\040\000A\000n\000a\000l\000i\000s\000i\000s\000\040\000S\000i\000s\000t\000e\000m\000\040\000B\000e\000r\000j\000a\000l\000a\000n}{section.2.2}% 28
\BOOKMARK [2][-]{subsection.2.2.2}{\376\377\0002\000.\0002\000.\0002\000\040\000A\000n\000a\000l\000i\000s\000i\000s\000\040\000K\000e\000b\000u\000t\000u\000h\000a\000n\000\040\000S\000i\000s\000t\000e\000m\000\040\000B\000a\000r\000u}{section.2.2}% 29
\BOOKMARK [1][-]{section.2.3}{\376\377\0002\000.\0003\000\040\000P\000e\000r\000a\000n\000c\000a\000n\000g\000a\000n\000\040\000B\000a\000s\000i\000s\000\040\000D\000a\000t\000a}{chapter.2}% 30
\BOOKMARK [2][-]{subsection.2.3.1}{\376\377\0002\000.\0003\000.\0001\000\040\000E\000n\000t\000i\000t\000y\000\040\000R\000e\000l\000a\000t\000i\000o\000n\000s\000h\000i\000p\000\040\000D\000i\000a\000g\000r\000a\000m\000\040\000\050\000E\000R\000D\000\051}{section.2.3}% 31
\BOOKMARK [2][-]{subsection.2.3.2}{\376\377\0002\000.\0003\000.\0002\000\040\000D\000e\000s\000k\000r\000i\000p\000s\000i\000\040\000M\000o\000d\000e\000l\000\040\000A\000n\000g\000g\000o\000t\000a\000\040\000L\000a\000b}{section.2.3}% 32
\BOOKMARK [2][-]{subsection.2.3.3}{\376\377\0002\000.\0003\000.\0003\000\040\000D\000e\000s\000k\000r\000i\000p\000s\000i\000\040\000E\000n\000t\000i\000t\000a\000s\000\040\000\050\000T\000a\000b\000e\000l\000\051}{section.2.3}% 33
\BOOKMARK [3][-]{subsubsection.2.3.3.1}{\376\377\0002\000.\0003\000.\0003\000.\0001\000\040\000F\000a\000c\000u\000l\000t\000y\000M\000e\000m\000b\000e\000r\000s}{subsection.2.3.3}% 34
\BOOKMARK [3][-]{subsubsection.2.3.3.2}{\376\377\0002\000.\0003\000.\0003\000.\0002\000\040\000C\000u\000r\000r\000e\000n\000t\000S\000t\000u\000d\000e\000n\000t\000s}{subsection.2.3.3}% 35
\BOOKMARK [3][-]{subsubsection.2.3.3.3}{\376\377\0002\000.\0003\000.\0003\000.\0003\000\040\000A\000l\000u\000m\000n\000i}{subsection.2.3.3}% 36
\BOOKMARK [3][-]{subsubsection.2.3.3.4}{\376\377\0002\000.\0003\000.\0003\000.\0004\000\040\000A\000u\000t\000h\000o\000r}{subsection.2.3.3}% 37
\BOOKMARK [3][-]{subsubsection.2.3.3.5}{\376\377\0002\000.\0003\000.\0003\000.\0005\000\040\000d\000j\000a\000n\000g\000o\000\137\000c\000o\000n\000t\000e\000n\000t\000\137\000t\000y\000p\000e}{subsection.2.3.3}% 38
\BOOKMARK [2][-]{subsection.2.3.4}{\376\377\0002\000.\0003\000.\0004\000\040\000D\000e\000s\000k\000r\000i\000p\000s\000i\000\040\000P\000u\000b\000l\000i\000k\000a\000s\000i}{section.2.3}% 39
\BOOKMARK [2][-]{subsection.2.3.5}{\376\377\0002\000.\0003\000.\0005\000\040\000D\000e\000s\000k\000r\000i\000p\000s\000i\000\040\000E\000n\000t\000i\000t\000a\000s\000\040\000\050\000T\000a\000b\000e\000l\000\051}{section.2.3}% 40
\BOOKMARK [2][-]{subsection.2.3.6}{\376\377\0002\000.\0003\000.\0006\000\040\000D\000e\000s\000k\000r\000i\000p\000s\000i\000\040\000R\000e\000l\000a\000s\000i}{section.2.3}% 41
\BOOKMARK [2][-]{subsection.2.3.7}{\376\377\0002\000.\0003\000.\0007\000\040\000D\000e\000s\000k\000r\000i\000p\000s\000i\000\040\000M\000o\000d\000e\000l\000\040\000A\000c\000a\000r\000a}{section.2.3}% 42
\BOOKMARK [2][-]{subsection.2.3.8}{\376\377\0002\000.\0003\000.\0008\000\040\000D\000e\000s\000k\000r\000i\000p\000s\000i\000\040\000E\000n\000t\000i\000t\000a\000s\000\040\000\050\000T\000a\000b\000e\000l\000\051}{section.2.3}% 43
\BOOKMARK [3][-]{subsubsection.2.3.8.1}{\376\377\0002\000.\0003\000.\0008\000.\0001\000\040\000E\000v\000e\000n\000t}{subsection.2.3.8}% 44
\BOOKMARK [2][-]{subsection.2.3.9}{\376\377\0002\000.\0003\000.\0009\000\040\000D\000e\000s\000k\000r\000i\000p\000s\000i\000\040\000R\000e\000l\000a\000s\000i}{section.2.3}% 45
\BOOKMARK [3][-]{subsubsection.2.3.9.1}{\376\377\0002\000.\0003\000.\0009\000.\0001\000\040\000E\000n\000t\000i\000t\000a\000s\000\040\000M\000a\000n\000d\000i\000r\000i\000\040\000\050\000S\000t\000a\000n\000d\000a\000l\000o\000n\000e\000\040\000E\000n\000t\000i\000t\000y\000\051}{subsection.2.3.9}% 46
\BOOKMARK [1][-]{section.2.4}{\376\377\0002\000.\0004\000\040\000P\000e\000r\000a\000n\000c\000a\000n\000g\000a\000n\000\040\000A\000n\000t\000a\000r\000m\000u\000k\000a}{chapter.2}% 47
\BOOKMARK [0][-]{chapter.3}{\376\377\0003\000\040\000I\000m\000p\000l\000e\000m\000e\000n\000t\000a\000s\000i\000\040\000d\000a\000n\000\040\000F\000u\000n\000g\000s\000i}{}% 48
\BOOKMARK [1][-]{section.3.1}{\376\377\0003\000.\0001\000\040\000L\000i\000n\000g\000k\000u\000n\000g\000a\000n\000\040\000I\000m\000p\000l\000e\000m\000e\000n\000t\000a\000s\000i}{chapter.3}% 49
\BOOKMARK [2][-]{subsection.3.1.1}{\376\377\0003\000.\0001\000.\0001\000\040\000S\000p\000e\000s\000i\000f\000i\000k\000a\000s\000i\000\040\000P\000e\000r\000a\000n\000g\000k\000a\000t\000\040\000L\000u\000n\000a\000k}{section.3.1}% 50
\BOOKMARK [1][-]{section.3.2}{\376\377\0003\000.\0002\000\040\000I\000m\000p\000l\000e\000m\000e\000n\000t\000a\000s\000i\000\040\000B\000a\000s\000i\000s\000\040\000D\000a\000t\000a}{chapter.3}% 51
\BOOKMARK [2][-]{subsection.3.2.1}{\376\377\0003\000.\0002\000.\0001\000\040\000S\000t\000r\000u\000k\000t\000u\000r\000\040\000T\000a\000b\000e\000l\000\040\000H\000a\000s\000i\000l\000\040\000M\000i\000g\000r\000a\000s\000i}{section.3.2}% 52
\BOOKMARK [2][-]{subsection.3.2.2}{\376\377\0003\000.\0002\000.\0002\000\040\000I\000m\000p\000l\000e\000m\000e\000n\000t\000a\000s\000i\000\040\000K\000o\000d\000e\000\040\000P\000r\000o\000g\000r\000a\000m}{section.3.2}% 53
\BOOKMARK [3][-]{subsubsection.3.2.2.1}{\376\377\0003\000.\0002\000.\0002\000.\0001\000\040\000I\000m\000p\000l\000e\000m\000e\000n\000t\000a\000s\000i\000\040\000M\000o\000d\000e\000l\000\040\000\050\000m\000o\000d\000e\000l\000s\000.\000p\000y\000\051}{subsection.3.2.2}% 54
\BOOKMARK [3][-]{subsubsection.3.2.2.2}{\376\377\0003\000.\0002\000.\0002\000.\0002\000\040\000I\000m\000p\000l\000e\000m\000e\000n\000t\000a\000s\000i\000\040\000A\000d\000m\000i\000n}{subsection.3.2.2}% 55
\BOOKMARK [2][-]{subsection.3.2.3}{\376\377\0003\000.\0002\000.\0003\000\040\000I\000m\000p\000l\000e\000m\000e\000n\000t\000a\000s\000i\000\040\000A\000n\000t\000a\000r\000m\000u\000k\000a\000\040\000\050\000U\000s\000e\000r\000\040\000I\000n\000t\000e\000r\000f\000a\000c\000e}{section.3.2}% 56
\BOOKMARK [3][-]{subsubsection.3.2.3.1}{\376\377\0003\000.\0002\000.\0003\000.\0001\000\040\000H\000a\000l\000a\000m\000a\000n\000\040\000B\000e\000r\000a\000n\000d\000a\000\040\000\050\000H\000o\000m\000e\000p\000a\000g\000e\000\051}{subsection.3.2.3}% 57
\BOOKMARK [3][-]{subsubsection.3.2.3.2}{\376\377\0003\000.\0002\000.\0003\000.\0002\000\040\000H\000a\000l\000a\000m\000a\000n\000\040\000P\000e\000o\000p\000l\000e}{subsection.3.2.3}% 58
\BOOKMARK [3][-]{subsubsection.3.2.3.3}{\376\377\0003\000.\0002\000.\0003\000.\0003\000\040\000H\000a\000l\000a\000m\000a\000n\000\040\000R\000e\000s\000e\000a\000r\000c\000h\000\040\000G\000r\000a\000n\000t}{subsection.3.2.3}% 59
\BOOKMARK [3][-]{subsubsection.3.2.3.4}{\376\377\0003\000.\0002\000.\0003\000.\0004\000\040\000H\000a\000l\000a\000m\000a\000n\000\040\000P\000u\000b\000l\000i\000k\000a\000s\000i}{subsection.3.2.3}% 60
\BOOKMARK [3][-]{subsubsection.3.2.3.5}{\376\377\0003\000.\0002\000.\0003\000.\0005\000\040\000H\000a\000l\000a\000m\000a\000n\000\040\000T\000o\000o\000l\000s\000\040\000a\000n\000d\000\040\000R\000e\000s\000o\000u\000r\000c\000e\000s}{subsection.3.2.3}% 61
\BOOKMARK [3][-]{subsubsection.3.2.3.6}{\376\377\0003\000.\0002\000.\0003\000.\0006\000\040\000H\000a\000l\000a\000m\000a\000n\000\040\000E\000v\000e\000n\000t\000s}{subsection.3.2.3}% 62
\BOOKMARK [3][-]{subsubsection.3.2.3.7}{\376\377\0003\000.\0002\000.\0003\000.\0007\000\040\000H\000a\000l\000a\000m\000a\000n\000\040\000C\000o\000n\000t\000a\000c\000t}{subsection.3.2.3}% 63
\BOOKMARK [3][-]{subsubsection.3.2.3.8}{\376\377\0003\000.\0002\000.\0003\000.\0008\000\040\000H\000a\000l\000a\000m\000a\000n\000\040\000A\000d\000m\000i\000n}{subsection.3.2.3}% 64
\BOOKMARK [2][-]{subsection.3.2.4}{\376\377\0003\000.\0002\000.\0004\000\040\000M\000e\000t\000o\000d\000e\000\040\000P\000e\000n\000g\000u\000m\000p\000u\000l\000a\000n\000\040\000P\000u\000b\000l\000i\000k\000a\000s\000i\000\040\000B\000e\000r\000b\000a\000s\000i\000s\000\040\000A\000P\000I}{section.3.2}% 65
\BOOKMARK [0][-]{chapter.4}{\376\377\0004\000\040\000P\000e\000n\000g\000u\000j\000i\000a\000n\000\040\000d\000a\000n\000\040\000E\000v\000a\000l\000u\000a\000s\000i}{}% 66
\BOOKMARK [1][-]{section.4.1}{\376\377\0004\000.\0001\000\040\000T\000u\000j\000u\000a\000n\000\040\000P\000e\000n\000g\000u\000j\000i\000a\000n}{chapter.4}% 67
\BOOKMARK [1][-]{section.4.2}{\376\377\0004\000.\0002\000\040\000L\000i\000n\000g\000k\000u\000p\000\040\000P\000e\000n\000g\000u\000j\000i\000a\000n}{chapter.4}% 68
\BOOKMARK [2][-]{subsection.4.2.1}{\376\377\0004\000.\0002\000.\0001\000\040\000P\000e\000n\000g\000u\000j\000i\000a\000n\000\040\000P\000e\000r\000f\000o\000r\000m\000a\000\040\000H\000a\000l\000a\000m\000a\000n\000\040\000d\000e\000n\000g\000a\000n\000\040\000L\000i\000g\000h\000t\000h\000o\000u\000s\000e\000\040\000I\000n\000s\000i\000g\000h\000t\000s}{section.4.2}% 69
\BOOKMARK [2][-]{subsection.4.2.2}{\376\377\0004\000.\0002\000.\0002\000\040\000P\000e\000n\000g\000u\000j\000i\000a\000n\000\040\000B\000a\000s\000i\000s\000\040\000D\000a\000t\000a}{section.4.2}% 70
\BOOKMARK [2][-]{subsection.4.2.3}{\376\377\0004\000.\0002\000.\0003\000\040\000P\000e\000n\000g\000u\000j\000i\000a\000n\000\040\000V\000i\000e\000w}{section.4.2}% 71
\BOOKMARK [1][-]{section.4.3}{\376\377\0004\000.\0003\000\040\000M\000e\000t\000o\000d\000e\000\040\000P\000e\000n\000g\000u\000j\000i\000a\000n}{chapter.4}% 72
\BOOKMARK [2][-]{subsection.4.3.1}{\376\377\0004\000.\0003\000.\0001\000\040\000P\000e\000n\000g\000u\000j\000i\000a\000n\000\040\000P\000e\000r\000f\000o\000r\000m\000a\000\040\000H\000a\000l\000a\000m\000a\000n\000\040\000d\000e\000n\000g\000a\000n\000\040\000L\000i\000g\000h\000t\000h\000o\000u\000s\000e\000\040\000I\000n\000s\000i\000g\000h\000t\000s}{section.4.3}% 73
\BOOKMARK [2][-]{subsection.4.3.2}{\376\377\0004\000.\0003\000.\0002\000\040\000P\000e\000n\000g\000u\000j\000i\000a\000n\000\040\000B\000a\000s\000i\000s\000\040\000D\000a\000t\000a}{section.4.3}% 74
\BOOKMARK [2][-]{subsection.4.3.3}{\376\377\0004\000.\0003\000.\0003\000\040\000P\000e\000n\000g\000u\000j\000i\000a\000n\000\040\000V\000i\000e\000w\000\040\000p\000a\000d\000a\000\040\000D\000j\000a\000n\000g\000o}{section.4.3}% 75
\BOOKMARK [1][-]{section.4.4}{\376\377\0004\000.\0004\000\040\000H\000a\000s\000i\000l\000\040\000P\000e\000n\000g\000u\000j\000i\000a\000n}{chapter.4}% 76
\BOOKMARK [2][-]{subsection.4.4.1}{\376\377\0004\000.\0004\000.\0001\000\040\000P\000e\000n\000g\000u\000j\000i\000a\000n\000\040\000P\000e\000r\000f\000o\000r\000m\000a\000\040\000H\000a\000l\000a\000m\000a\000n\000\040\000d\000e\000n\000g\000a\000n\000\040\000L\000i\000g\000h\000t\000h\000o\000u\000s\000e\000\040\000I\000n\000s\000i\000g\000h\000t\000s}{section.4.4}% 77
\BOOKMARK [3][-]{subsubsection.4.4.1.1}{\376\377\0004\000.\0004\000.\0001\000.\0001\000\040\000N\000a\000v\000i\000g\000a\000t\000i\000o\000n}{subsection.4.4.1}% 78
\BOOKMARK [3][-]{subsubsection.4.4.1.2}{\376\377\0004\000.\0004\000.\0001\000.\0002\000\040\000P\000e\000r\000f\000o\000r\000m\000a\000n\000c\000e}{subsection.4.4.1}% 79
\BOOKMARK [3][-]{subsubsection.4.4.1.3}{\376\377\0004\000.\0004\000.\0001\000.\0003\000\040\000A\000c\000c\000e\000s\000s\000i\000b\000i\000l\000i\000t\000y}{subsection.4.4.1}% 80
\BOOKMARK [3][-]{subsubsection.4.4.1.4}{\376\377\0004\000.\0004\000.\0001\000.\0004\000\040\000B\000e\000s\000t\000\040\000P\000r\000a\000c\000t\000i\000c\000e\000s}{subsection.4.4.1}% 81
\BOOKMARK [3][-]{subsubsection.4.4.1.5}{\376\377\0004\000.\0004\000.\0001\000.\0005\000\040\000S\000E\000O}{subsection.4.4.1}% 82
\BOOKMARK [3][-]{subsubsection.4.4.1.6}{\376\377\0004\000.\0004\000.\0001\000.\0006\000\040\000T\000i\000m\000e\000s\000p\000a\000n}{subsection.4.4.1}% 83
\BOOKMARK [3][-]{subsubsection.4.4.1.7}{\376\377\0004\000.\0004\000.\0001\000.\0007\000\040\000T\000i\000m\000e\000s\000p\000a\000n\000\040\000P\000e\000r\000f\000o\000r\000m\000a\000n\000c\000e}{subsection.4.4.1}% 84
\BOOKMARK [3][-]{subsubsection.4.4.1.8}{\376\377\0004\000.\0004\000.\0001\000.\0008\000\040\000T\000i\000m\000e\000s\000p\000a\000n\000\040\000B\000e\000s\000t\000\040\000P\000r\000a\000c\000t\000i\000c\000e\000s}{subsection.4.4.1}% 85
\BOOKMARK [2][-]{subsection.4.4.2}{\376\377\0004\000.\0004\000.\0002\000\040\000P\000e\000n\000g\000u\000j\000i\000a\000n\000\040\000B\000a\000s\000i\000s\000\040\000D\000a\000t\000a}{section.4.4}% 86
\BOOKMARK [2][-]{subsection.4.4.3}{\376\377\0004\000.\0004\000.\0003\000\040\000P\000e\000n\000g\000u\000j\000i\000a\000n\000\040\000V\000i\000e\000w}{section.4.4}% 87
\BOOKMARK [0][-]{chapter.5}{\376\377\0005\000\040\000P\000a\000n\000d\000u\000a\000n\000\040\000P\000e\000n\000g\000g\000u\000n\000a\000\040\000d\000a\000n\000\040\000P\000e\000n\000u\000t\000u\000p}{}% 88
\BOOKMARK [1][-]{section.5.1}{\376\377\0005\000.\0001\000\040\000P\000e\000n\000d\000a\000h\000u\000l\000u\000a\000n}{chapter.5}% 89
\BOOKMARK [1][-]{section.5.2}{\376\377\0005\000.\0002\000\040\000P\000a\000n\000d\000u\000a\000n\000\040\000P\000e\000n\000g\000g\000u\000n\000a}{chapter.5}% 90
\BOOKMARK [2][-]{subsection.5.2.1}{\376\377\0005\000.\0002\000.\0001\000\040\000P\000a\000n\000d\000u\000a\000n\000\040\000P\000e\000n\000g\000g\000u\000n\000a\000\040\000N\000o\000n\000-\000T\000e\000k\000n\000i\000s}{section.5.2}% 91
\BOOKMARK [3][-]{subsubsection.5.2.1.1}{\376\377\0005\000.\0002\000.\0001\000.\0001\000\040\000N\000a\000v\000i\000g\000a\000s\000i\000\040\000W\000e\000b\000s\000i\000t\000e}{subsection.5.2.1}% 92
\BOOKMARK [3][-]{subsubsection.5.2.1.2}{\376\377\0005\000.\0002\000.\0001\000.\0002\000\040\000M\000e\000n\000g\000a\000k\000s\000e\000s\000\040\000I\000n\000f\000o\000r\000m\000a\000s\000i\000\040\000P\000u\000b\000l\000i\000k\000a\000s\000i}{subsection.5.2.1}% 93
\BOOKMARK [3][-]{subsubsection.5.2.1.3}{\376\377\0005\000.\0002\000.\0001\000.\0003\000\040\000M\000e\000l\000i\000h\000a\000t\000\040\000D\000a\000f\000t\000a\000r\000\040\000H\000i\000b\000a\000h\000\040\000P\000e\000n\000e\000l\000i\000t\000i\000a\000n}{subsection.5.2.1}% 94
\BOOKMARK [3][-]{subsubsection.5.2.1.4}{\376\377\0005\000.\0002\000.\0001\000.\0004\000\040\000M\000e\000l\000i\000h\000a\000t\000\040\000D\000a\000f\000t\000a\000r\000\040\000A\000n\000g\000g\000o\000t\000a\000\040\000\050\000P\000e\000o\000p\000l\000e\000\051}{subsection.5.2.1}% 95
\BOOKMARK [3][-]{subsubsection.5.2.1.5}{\376\377\0005\000.\0002\000.\0001\000.\0005\000\040\000M\000e\000n\000g\000a\000k\000s\000e\000s\000\040\000H\000a\000l\000a\000m\000a\000n\000\040\000E\000v\000e\000n\000t}{subsection.5.2.1}% 96
\BOOKMARK [3][-]{subsubsection.5.2.1.6}{\376\377\0005\000.\0002\000.\0001\000.\0006\000\040\000M\000e\000n\000g\000g\000u\000n\000a\000k\000a\000n\000\040\000R\000e\000s\000o\000u\000r\000c\000e\000\040\000d\000a\000n\000\040\000T\000o\000o\000l\000s}{subsection.5.2.1}% 97
\BOOKMARK [3][-]{subsubsection.5.2.1.7}{\376\377\0005\000.\0002\000.\0001\000.\0007\000\040\000M\000e\000n\000g\000g\000u\000n\000a\000k\000a\000n\000\040\000H\000a\000l\000a\000m\000a\000n\000\040\000K\000o\000n\000t\000a\000k}{subsection.5.2.1}% 98
\BOOKMARK [2][-]{subsection.5.2.2}{\376\377\0005\000.\0002\000.\0002\000\040\000P\000a\000n\000d\000u\000a\000n\000\040\000P\000e\000n\000g\000g\000u\000n\000a\000\040\000T\000e\000k\000n\000i\000s}{section.5.2}% 99
\BOOKMARK [3][-]{subsubsection.5.2.2.1}{\376\377\0005\000.\0002\000.\0002\000.\0001\000\040\000K\000e\000b\000u\000t\000u\000h\000a\000n\000\040\000S\000i\000s\000t\000e\000m}{subsection.5.2.2}% 100
\BOOKMARK [3][-]{subsubsection.5.2.2.2}{\376\377\0005\000.\0002\000.\0002\000.\0002\000\040\000I\000n\000s\000t\000a\000l\000a\000s\000i\000\040\000A\000p\000l\000i\000k\000a\000s\000i}{subsection.5.2.2}% 101
\BOOKMARK [3][-]{subsubsection.5.2.2.3}{\376\377\0005\000.\0002\000.\0002\000.\0003\000\040\000S\000t\000r\000u\000k\000t\000u\000r\000\040\000P\000r\000o\000y\000e\000k}{subsection.5.2.2}% 102
\BOOKMARK [3][-]{subsubsection.5.2.2.4}{\376\377\0005\000.\0002\000.\0002\000.\0004\000\040\000M\000e\000n\000j\000a\000l\000a\000n\000k\000a\000n\000\040\000S\000e\000r\000v\000e\000r\000\040\000D\000j\000a\000n\000g\000o}{subsection.5.2.2}% 103
\BOOKMARK [3][-]{subsubsection.5.2.2.5}{\376\377\0005\000.\0002\000.\0002\000.\0005\000\040\000P\000e\000n\000g\000g\000u\000n\000a\000a\000n\000\040\000H\000a\000l\000a\000m\000a\000n\000\040\000A\000d\000m\000i\000n\000\040\000D\000j\000a\000n\000g\000o}{subsection.5.2.2}% 104
\BOOKMARK [0][-]{chapter.6}{\376\377\0006\000\040\000K\000e\000s\000i\000m\000p\000u\000l\000a\000n\000\040\000d\000a\000n\000\040\000S\000a\000r\000a\000n}{}% 105
\BOOKMARK [1][-]{section.6.1}{\376\377\0006\000.\0001\000\040\000K\000e\000s\000i\000m\000p\000u\000l\000a\000n}{chapter.6}% 106
\BOOKMARK [1][-]{section.6.2}{\376\377\0006\000.\0002\000\040\000S\000a\000r\000a\000n}{chapter.6}% 107
\BOOKMARK [0][-]{Item.71}{\376\377\000D\000a\000f\000t\000a\000r\000\040\000R\000e\000f\000e\000r\000e\000n\000s\000i}{}% 108
